HOSTNAME:
juno

NVIDIA-SMI:
Sat Jun  6 10:41:11 2026       
+-----------------------------------------------------------------------------+
| NVIDIA-SMI 470.256.02   Driver Version: 470.256.02   CUDA Version: 11.4     |
|-------------------------------+----------------------+----------------------+
| GPU  Name        Persistence-M| Bus-Id        Disp.A | Volatile Uncorr. ECC |
| Fan  Temp  Perf  Pwr:Usage/Cap|         Memory-Usage | GPU-Util  Compute M. |
|                               |                      |               MIG M. |
|===============================+======================+======================|
|   0  NVIDIA GeForce ...  Off  | 00000000:0A:00.0 N/A |                  N/A |
| N/A   27C    P8    N/A /  N/A |      1MiB /   981MiB |     N/A      Default |
|                               |                      |                  N/A |
+-------------------------------+----------------------+----------------------+
|   1  NVIDIA GeForce ...  Off  | 00000000:27:00.0 N/A |                  N/A |
| N/A   28C    P8    N/A /  N/A |      1MiB /   981MiB |     N/A      Default |
|                               |                      |                  N/A |
+-------------------------------+----------------------+----------------------+
                                                                               
+-----------------------------------------------------------------------------+
| Processes:                                                                  |
|  GPU   GI   CI        PID   Type   Process name                  GPU Memory |
|        ID   ID                                                   Usage      |
|=============================================================================|
|  No running processes found                                                 |
+-----------------------------------------------------------------------------+

NVIDIA-SMI -L:
GPU 0: NVIDIA GeForce GT 710 (UUID: GPU-573784b4-cb7e-d6d1-400e-2f5f40334a54)
GPU 1: NVIDIA GeForce GT 710 (UUID: GPU-2cb03216-ae4c-c966-3b99-cc9064d69294)

SLURM VARIABLES:
SLURM_JOB_ID=2564
SLURM_JOB_GPUS=0
CUDA_VISIBLE_DEVICES=0

TENSORFLOW:
{'safe_drive': 540526, 'reach_side': 83919, 'hair_and_makeup': 67916, 'drinking': 51408, 'radio': 31736, 'talking_to_passenger': 18176, 'reach_backseat': 13390, 'texting': 69008, 'phonecall': 350710}
