🚀 Iniciando job: 1404
📅 Fecha: Mon Apr  6 03:38:11 PM CEST 2026
🖥️  Nodo: afrodita
🎮 GPU: NVIDIA A40
NVIDIA A40
GPUs disponibles: [PhysicalDevice(name='/physical_device:GPU:0', device_type='GPU')]
Configuración lista
Found 1379716 files belonging to 9 classes.
Using 1241745 files for training.
Found 1379716 files belonging to 9 classes.
Using 137971 files for validation.

Datasets listos 🚀

Resumen del modelo:
Model: "functional"
┏━━━━━━━━━━━━━━━━━━━━━━━━━━━━━━━┳━━━━━━━━━━━━━━━━━━━━━━━━━━━┳━━━━━━━━━━━━━━━━━┳━━━━━━━━━━━━━━━━━━━━━━━━━━━━┓
┃ Layer (type)                  ┃ Output Shape              ┃         Param # ┃ Connected to               ┃
┡━━━━━━━━━━━━━━━━━━━━━━━━━━━━━━━╇━━━━━━━━━━━━━━━━━━━━━━━━━━━╇━━━━━━━━━━━━━━━━━╇━━━━━━━━━━━━━━━━━━━━━━━━━━━━┩
│ input_layer (InputLayer)      │ (None, 224, 224, 3)       │               0 │ -                          │
├───────────────────────────────┼───────────────────────────┼─────────────────┼────────────────────────────┤
│ Conv1 (Conv2D)                │ (None, 112, 112, 32)      │             864 │ input_layer[0][0]          │
├───────────────────────────────┼───────────────────────────┼─────────────────┼────────────────────────────┤
│ bn_Conv1 (BatchNormalization) │ (None, 112, 112, 32)      │             128 │ Conv1[0][0]                │
├───────────────────────────────┼───────────────────────────┼─────────────────┼────────────────────────────┤
│ Conv1_relu (ReLU)             │ (None, 112, 112, 32)      │               0 │ bn_Conv1[0][0]             │
├───────────────────────────────┼───────────────────────────┼─────────────────┼────────────────────────────┤
│ expanded_conv_depthwise       │ (None, 112, 112, 32)      │             288 │ Conv1_relu[0][0]           │
│ (DepthwiseConv2D)             │                           │                 │                            │
├───────────────────────────────┼───────────────────────────┼─────────────────┼────────────────────────────┤
│ expanded_conv_depthwise_BN    │ (None, 112, 112, 32)      │             128 │ expanded_conv_depthwise[0… │
│ (BatchNormalization)          │                           │                 │                            │
├───────────────────────────────┼───────────────────────────┼─────────────────┼────────────────────────────┤
│ expanded_conv_depthwise_relu  │ (None, 112, 112, 32)      │               0 │ expanded_conv_depthwise_B… │
│ (ReLU)                        │                           │                 │                            │
├───────────────────────────────┼───────────────────────────┼─────────────────┼────────────────────────────┤
│ expanded_conv_project         │ (None, 112, 112, 16)      │             512 │ expanded_conv_depthwise_r… │
│ (Conv2D)                      │                           │                 │                            │
├───────────────────────────────┼───────────────────────────┼─────────────────┼────────────────────────────┤
│ expanded_conv_project_BN      │ (None, 112, 112, 16)      │              64 │ expanded_conv_project[0][… │
│ (BatchNormalization)          │                           │                 │                            │
├───────────────────────────────┼───────────────────────────┼─────────────────┼────────────────────────────┤
│ block_1_expand (Conv2D)       │ (None, 112, 112, 96)      │           1,536 │ expanded_conv_project_BN[… │
├───────────────────────────────┼───────────────────────────┼─────────────────┼────────────────────────────┤
│ block_1_expand_BN             │ (None, 112, 112, 96)      │             384 │ block_1_expand[0][0]       │
│ (BatchNormalization)          │                           │                 │                            │
├───────────────────────────────┼───────────────────────────┼─────────────────┼────────────────────────────┤
│ block_1_expand_relu (ReLU)    │ (None, 112, 112, 96)      │               0 │ block_1_expand_BN[0][0]    │
├───────────────────────────────┼───────────────────────────┼─────────────────┼────────────────────────────┤
│ block_1_pad (ZeroPadding2D)   │ (None, 113, 113, 96)      │               0 │ block_1_expand_relu[0][0]  │
├───────────────────────────────┼───────────────────────────┼─────────────────┼────────────────────────────┤
│ block_1_depthwise             │ (None, 56, 56, 96)        │             864 │ block_1_pad[0][0]          │
│ (DepthwiseConv2D)             │                           │                 │                            │
├───────────────────────────────┼───────────────────────────┼─────────────────┼────────────────────────────┤
│ block_1_depthwise_BN          │ (None, 56, 56, 96)        │             384 │ block_1_depthwise[0][0]    │
│ (BatchNormalization)          │                           │                 │                            │
├───────────────────────────────┼───────────────────────────┼─────────────────┼────────────────────────────┤
│ block_1_depthwise_relu (ReLU) │ (None, 56, 56, 96)        │               0 │ block_1_depthwise_BN[0][0] │
├───────────────────────────────┼───────────────────────────┼─────────────────┼────────────────────────────┤
│ block_1_project (Conv2D)      │ (None, 56, 56, 24)        │           2,304 │ block_1_depthwise_relu[0]… │
├───────────────────────────────┼───────────────────────────┼─────────────────┼────────────────────────────┤
│ block_1_project_BN            │ (None, 56, 56, 24)        │              96 │ block_1_project[0][0]      │
│ (BatchNormalization)          │                           │                 │                            │
├───────────────────────────────┼───────────────────────────┼─────────────────┼────────────────────────────┤
│ block_2_expand (Conv2D)       │ (None, 56, 56, 144)       │           3,456 │ block_1_project_BN[0][0]   │
├───────────────────────────────┼───────────────────────────┼─────────────────┼────────────────────────────┤
│ block_2_expand_BN             │ (None, 56, 56, 144)       │             576 │ block_2_expand[0][0]       │
│ (BatchNormalization)          │                           │                 │                            │
├───────────────────────────────┼───────────────────────────┼─────────────────┼────────────────────────────┤
│ block_2_expand_relu (ReLU)    │ (None, 56, 56, 144)       │               0 │ block_2_expand_BN[0][0]    │
├───────────────────────────────┼───────────────────────────┼─────────────────┼────────────────────────────┤
│ block_2_depthwise             │ (None, 56, 56, 144)       │           1,296 │ block_2_expand_relu[0][0]  │
│ (DepthwiseConv2D)             │                           │                 │                            │
├───────────────────────────────┼───────────────────────────┼─────────────────┼────────────────────────────┤
│ block_2_depthwise_BN          │ (None, 56, 56, 144)       │             576 │ block_2_depthwise[0][0]    │
│ (BatchNormalization)          │                           │                 │                            │
├───────────────────────────────┼───────────────────────────┼─────────────────┼────────────────────────────┤
│ block_2_depthwise_relu (ReLU) │ (None, 56, 56, 144)       │               0 │ block_2_depthwise_BN[0][0] │
├───────────────────────────────┼───────────────────────────┼─────────────────┼────────────────────────────┤
│ block_2_project (Conv2D)      │ (None, 56, 56, 24)        │           3,456 │ block_2_depthwise_relu[0]… │
├───────────────────────────────┼───────────────────────────┼─────────────────┼────────────────────────────┤
│ block_2_project_BN            │ (None, 56, 56, 24)        │              96 │ block_2_project[0][0]      │
│ (BatchNormalization)          │                           │                 │                            │
├───────────────────────────────┼───────────────────────────┼─────────────────┼────────────────────────────┤
│ block_2_add (Add)             │ (None, 56, 56, 24)        │               0 │ block_1_project_BN[0][0],  │
│                               │                           │                 │ block_2_project_BN[0][0]   │
├───────────────────────────────┼───────────────────────────┼─────────────────┼────────────────────────────┤
│ block_3_expand (Conv2D)       │ (None, 56, 56, 144)       │           3,456 │ block_2_add[0][0]          │
├───────────────────────────────┼───────────────────────────┼─────────────────┼────────────────────────────┤
│ block_3_expand_BN             │ (None, 56, 56, 144)       │             576 │ block_3_expand[0][0]       │
│ (BatchNormalization)          │                           │                 │                            │
├───────────────────────────────┼───────────────────────────┼─────────────────┼────────────────────────────┤
│ block_3_expand_relu (ReLU)    │ (None, 56, 56, 144)       │               0 │ block_3_expand_BN[0][0]    │
├───────────────────────────────┼───────────────────────────┼─────────────────┼────────────────────────────┤
│ block_3_pad (ZeroPadding2D)   │ (None, 57, 57, 144)       │               0 │ block_3_expand_relu[0][0]  │
├───────────────────────────────┼───────────────────────────┼─────────────────┼────────────────────────────┤
│ block_3_depthwise             │ (None, 28, 28, 144)       │           1,296 │ block_3_pad[0][0]          │
│ (DepthwiseConv2D)             │                           │                 │                            │
├───────────────────────────────┼───────────────────────────┼─────────────────┼────────────────────────────┤
│ block_3_depthwise_BN          │ (None, 28, 28, 144)       │             576 │ block_3_depthwise[0][0]    │
│ (BatchNormalization)          │                           │                 │                            │
├───────────────────────────────┼───────────────────────────┼─────────────────┼────────────────────────────┤
│ block_3_depthwise_relu (ReLU) │ (None, 28, 28, 144)       │               0 │ block_3_depthwise_BN[0][0] │
├───────────────────────────────┼───────────────────────────┼─────────────────┼────────────────────────────┤
│ block_3_project (Conv2D)      │ (None, 28, 28, 32)        │           4,608 │ block_3_depthwise_relu[0]… │
├───────────────────────────────┼───────────────────────────┼─────────────────┼────────────────────────────┤
│ block_3_project_BN            │ (None, 28, 28, 32)        │             128 │ block_3_project[0][0]      │
│ (BatchNormalization)          │                           │                 │                            │
├───────────────────────────────┼───────────────────────────┼─────────────────┼────────────────────────────┤
│ block_4_expand (Conv2D)       │ (None, 28, 28, 192)       │           6,144 │ block_3_project_BN[0][0]   │
├───────────────────────────────┼───────────────────────────┼─────────────────┼────────────────────────────┤
│ block_4_expand_BN             │ (None, 28, 28, 192)       │             768 │ block_4_expand[0][0]       │
│ (BatchNormalization)          │                           │                 │                            │
├───────────────────────────────┼───────────────────────────┼─────────────────┼────────────────────────────┤
│ block_4_expand_relu (ReLU)    │ (None, 28, 28, 192)       │               0 │ block_4_expand_BN[0][0]    │
├───────────────────────────────┼───────────────────────────┼─────────────────┼────────────────────────────┤
│ block_4_depthwise             │ (None, 28, 28, 192)       │           1,728 │ block_4_expand_relu[0][0]  │
│ (DepthwiseConv2D)             │                           │                 │                            │
├───────────────────────────────┼───────────────────────────┼─────────────────┼────────────────────────────┤
│ block_4_depthwise_BN          │ (None, 28, 28, 192)       │             768 │ block_4_depthwise[0][0]    │
│ (BatchNormalization)          │                           │                 │                            │
├───────────────────────────────┼───────────────────────────┼─────────────────┼────────────────────────────┤
│ block_4_depthwise_relu (ReLU) │ (None, 28, 28, 192)       │               0 │ block_4_depthwise_BN[0][0] │
├───────────────────────────────┼───────────────────────────┼─────────────────┼────────────────────────────┤
│ block_4_project (Conv2D)      │ (None, 28, 28, 32)        │           6,144 │ block_4_depthwise_relu[0]… │
├───────────────────────────────┼───────────────────────────┼─────────────────┼────────────────────────────┤
│ block_4_project_BN            │ (None, 28, 28, 32)        │             128 │ block_4_project[0][0]      │
│ (BatchNormalization)          │                           │                 │                            │
├───────────────────────────────┼───────────────────────────┼─────────────────┼────────────────────────────┤
│ block_4_add (Add)             │ (None, 28, 28, 32)        │               0 │ block_3_project_BN[0][0],  │
│                               │                           │                 │ block_4_project_BN[0][0]   │
├───────────────────────────────┼───────────────────────────┼─────────────────┼────────────────────────────┤
│ block_5_expand (Conv2D)       │ (None, 28, 28, 192)       │           6,144 │ block_4_add[0][0]          │
├───────────────────────────────┼───────────────────────────┼─────────────────┼────────────────────────────┤
│ block_5_expand_BN             │ (None, 28, 28, 192)       │             768 │ block_5_expand[0][0]       │
│ (BatchNormalization)          │                           │                 │                            │
├───────────────────────────────┼───────────────────────────┼─────────────────┼────────────────────────────┤
│ block_5_expand_relu (ReLU)    │ (None, 28, 28, 192)       │               0 │ block_5_expand_BN[0][0]    │
├───────────────────────────────┼───────────────────────────┼─────────────────┼────────────────────────────┤
│ block_5_depthwise             │ (None, 28, 28, 192)       │           1,728 │ block_5_expand_relu[0][0]  │
│ (DepthwiseConv2D)             │                           │                 │                            │
├───────────────────────────────┼───────────────────────────┼─────────────────┼────────────────────────────┤
│ block_5_depthwise_BN          │ (None, 28, 28, 192)       │             768 │ block_5_depthwise[0][0]    │
│ (BatchNormalization)          │                           │                 │                            │
├───────────────────────────────┼───────────────────────────┼─────────────────┼────────────────────────────┤
│ block_5_depthwise_relu (ReLU) │ (None, 28, 28, 192)       │               0 │ block_5_depthwise_BN[0][0] │
├───────────────────────────────┼───────────────────────────┼─────────────────┼────────────────────────────┤
│ block_5_project (Conv2D)      │ (None, 28, 28, 32)        │           6,144 │ block_5_depthwise_relu[0]… │
├───────────────────────────────┼───────────────────────────┼─────────────────┼────────────────────────────┤
│ block_5_project_BN            │ (None, 28, 28, 32)        │             128 │ block_5_project[0][0]      │
│ (BatchNormalization)          │                           │                 │                            │
├───────────────────────────────┼───────────────────────────┼─────────────────┼────────────────────────────┤
│ block_5_add (Add)             │ (None, 28, 28, 32)        │               0 │ block_4_add[0][0],         │
│                               │                           │                 │ block_5_project_BN[0][0]   │
├───────────────────────────────┼───────────────────────────┼─────────────────┼────────────────────────────┤
│ block_6_expand (Conv2D)       │ (None, 28, 28, 192)       │           6,144 │ block_5_add[0][0]          │
├───────────────────────────────┼───────────────────────────┼─────────────────┼────────────────────────────┤
│ block_6_expand_BN             │ (None, 28, 28, 192)       │             768 │ block_6_expand[0][0]       │
│ (BatchNormalization)          │                           │                 │                            │
├───────────────────────────────┼───────────────────────────┼─────────────────┼────────────────────────────┤
│ block_6_expand_relu (ReLU)    │ (None, 28, 28, 192)       │               0 │ block_6_expand_BN[0][0]    │
├───────────────────────────────┼───────────────────────────┼─────────────────┼────────────────────────────┤
│ block_6_pad (ZeroPadding2D)   │ (None, 29, 29, 192)       │               0 │ block_6_expand_relu[0][0]  │
├───────────────────────────────┼───────────────────────────┼─────────────────┼────────────────────────────┤
│ block_6_depthwise             │ (None, 14, 14, 192)       │           1,728 │ block_6_pad[0][0]          │
│ (DepthwiseConv2D)             │                           │                 │                            │
├───────────────────────────────┼───────────────────────────┼─────────────────┼────────────────────────────┤
│ block_6_depthwise_BN          │ (None, 14, 14, 192)       │             768 │ block_6_depthwise[0][0]    │
│ (BatchNormalization)          │                           │                 │                            │
├───────────────────────────────┼───────────────────────────┼─────────────────┼────────────────────────────┤
│ block_6_depthwise_relu (ReLU) │ (None, 14, 14, 192)       │               0 │ block_6_depthwise_BN[0][0] │
├───────────────────────────────┼───────────────────────────┼─────────────────┼────────────────────────────┤
│ block_6_project (Conv2D)      │ (None, 14, 14, 64)        │          12,288 │ block_6_depthwise_relu[0]… │
├───────────────────────────────┼───────────────────────────┼─────────────────┼────────────────────────────┤
│ block_6_project_BN            │ (None, 14, 14, 64)        │             256 │ block_6_project[0][0]      │
│ (BatchNormalization)          │                           │                 │                            │
├───────────────────────────────┼───────────────────────────┼─────────────────┼────────────────────────────┤
│ block_7_expand (Conv2D)       │ (None, 14, 14, 384)       │          24,576 │ block_6_project_BN[0][0]   │
├───────────────────────────────┼───────────────────────────┼─────────────────┼────────────────────────────┤
│ block_7_expand_BN             │ (None, 14, 14, 384)       │           1,536 │ block_7_expand[0][0]       │
│ (BatchNormalization)          │                           │                 │                            │
├───────────────────────────────┼───────────────────────────┼─────────────────┼────────────────────────────┤
│ block_7_expand_relu (ReLU)    │ (None, 14, 14, 384)       │               0 │ block_7_expand_BN[0][0]    │
├───────────────────────────────┼───────────────────────────┼─────────────────┼────────────────────────────┤
│ block_7_depthwise             │ (None, 14, 14, 384)       │           3,456 │ block_7_expand_relu[0][0]  │
│ (DepthwiseConv2D)             │                           │                 │                            │
├───────────────────────────────┼───────────────────────────┼─────────────────┼────────────────────────────┤
│ block_7_depthwise_BN          │ (None, 14, 14, 384)       │           1,536 │ block_7_depthwise[0][0]    │
│ (BatchNormalization)          │                           │                 │                            │
├───────────────────────────────┼───────────────────────────┼─────────────────┼────────────────────────────┤
│ block_7_depthwise_relu (ReLU) │ (None, 14, 14, 384)       │               0 │ block_7_depthwise_BN[0][0] │
├───────────────────────────────┼───────────────────────────┼─────────────────┼────────────────────────────┤
│ block_7_project (Conv2D)      │ (None, 14, 14, 64)        │          24,576 │ block_7_depthwise_relu[0]… │
├───────────────────────────────┼───────────────────────────┼─────────────────┼────────────────────────────┤
│ block_7_project_BN            │ (None, 14, 14, 64)        │             256 │ block_7_project[0][0]      │
│ (BatchNormalization)          │                           │                 │                            │
├───────────────────────────────┼───────────────────────────┼─────────────────┼────────────────────────────┤
│ block_7_add (Add)             │ (None, 14, 14, 64)        │               0 │ block_6_project_BN[0][0],  │
│                               │                           │                 │ block_7_project_BN[0][0]   │
├───────────────────────────────┼───────────────────────────┼─────────────────┼────────────────────────────┤
│ block_8_expand (Conv2D)       │ (None, 14, 14, 384)       │          24,576 │ block_7_add[0][0]          │
├───────────────────────────────┼───────────────────────────┼─────────────────┼────────────────────────────┤
│ block_8_expand_BN             │ (None, 14, 14, 384)       │           1,536 │ block_8_expand[0][0]       │
│ (BatchNormalization)          │                           │                 │                            │
├───────────────────────────────┼───────────────────────────┼─────────────────┼────────────────────────────┤
│ block_8_expand_relu (ReLU)    │ (None, 14, 14, 384)       │               0 │ block_8_expand_BN[0][0]    │
├───────────────────────────────┼───────────────────────────┼─────────────────┼────────────────────────────┤
│ block_8_depthwise             │ (None, 14, 14, 384)       │           3,456 │ block_8_expand_relu[0][0]  │
│ (DepthwiseConv2D)             │                           │                 │                            │
├───────────────────────────────┼───────────────────────────┼─────────────────┼────────────────────────────┤
│ block_8_depthwise_BN          │ (None, 14, 14, 384)       │           1,536 │ block_8_depthwise[0][0]    │
│ (BatchNormalization)          │                           │                 │                            │
├───────────────────────────────┼───────────────────────────┼─────────────────┼────────────────────────────┤
│ block_8_depthwise_relu (ReLU) │ (None, 14, 14, 384)       │               0 │ block_8_depthwise_BN[0][0] │
├───────────────────────────────┼───────────────────────────┼─────────────────┼────────────────────────────┤
│ block_8_project (Conv2D)      │ (None, 14, 14, 64)        │          24,576 │ block_8_depthwise_relu[0]… │
├───────────────────────────────┼───────────────────────────┼─────────────────┼────────────────────────────┤
│ block_8_project_BN            │ (None, 14, 14, 64)        │             256 │ block_8_project[0][0]      │
│ (BatchNormalization)          │                           │                 │                            │
├───────────────────────────────┼───────────────────────────┼─────────────────┼────────────────────────────┤
│ block_8_add (Add)             │ (None, 14, 14, 64)        │               0 │ block_7_add[0][0],         │
│                               │                           │                 │ block_8_project_BN[0][0]   │
├───────────────────────────────┼───────────────────────────┼─────────────────┼────────────────────────────┤
│ block_9_expand (Conv2D)       │ (None, 14, 14, 384)       │          24,576 │ block_8_add[0][0]          │
├───────────────────────────────┼───────────────────────────┼─────────────────┼────────────────────────────┤
│ block_9_expand_BN             │ (None, 14, 14, 384)       │           1,536 │ block_9_expand[0][0]       │
│ (BatchNormalization)          │                           │                 │                            │
├───────────────────────────────┼───────────────────────────┼─────────────────┼────────────────────────────┤
│ block_9_expand_relu (ReLU)    │ (None, 14, 14, 384)       │               0 │ block_9_expand_BN[0][0]    │
├───────────────────────────────┼───────────────────────────┼─────────────────┼────────────────────────────┤
│ block_9_depthwise             │ (None, 14, 14, 384)       │           3,456 │ block_9_expand_relu[0][0]  │
│ (DepthwiseConv2D)             │                           │                 │                            │
├───────────────────────────────┼───────────────────────────┼─────────────────┼────────────────────────────┤
│ block_9_depthwise_BN          │ (None, 14, 14, 384)       │           1,536 │ block_9_depthwise[0][0]    │
│ (BatchNormalization)          │                           │                 │                            │
├───────────────────────────────┼───────────────────────────┼─────────────────┼────────────────────────────┤
│ block_9_depthwise_relu (ReLU) │ (None, 14, 14, 384)       │               0 │ block_9_depthwise_BN[0][0] │
├───────────────────────────────┼───────────────────────────┼─────────────────┼────────────────────────────┤
│ block_9_project (Conv2D)      │ (None, 14, 14, 64)        │          24,576 │ block_9_depthwise_relu[0]… │
├───────────────────────────────┼───────────────────────────┼─────────────────┼────────────────────────────┤
│ block_9_project_BN            │ (None, 14, 14, 64)        │             256 │ block_9_project[0][0]      │
│ (BatchNormalization)          │                           │                 │                            │
├───────────────────────────────┼───────────────────────────┼─────────────────┼────────────────────────────┤
│ block_9_add (Add)             │ (None, 14, 14, 64)        │               0 │ block_8_add[0][0],         │
│                               │                           │                 │ block_9_project_BN[0][0]   │
├───────────────────────────────┼───────────────────────────┼─────────────────┼────────────────────────────┤
│ block_10_expand (Conv2D)      │ (None, 14, 14, 384)       │          24,576 │ block_9_add[0][0]          │
├───────────────────────────────┼───────────────────────────┼─────────────────┼────────────────────────────┤
│ block_10_expand_BN            │ (None, 14, 14, 384)       │           1,536 │ block_10_expand[0][0]      │
│ (BatchNormalization)          │                           │                 │                            │
├───────────────────────────────┼───────────────────────────┼─────────────────┼────────────────────────────┤
│ block_10_expand_relu (ReLU)   │ (None, 14, 14, 384)       │               0 │ block_10_expand_BN[0][0]   │
├───────────────────────────────┼───────────────────────────┼─────────────────┼────────────────────────────┤
│ block_10_depthwise            │ (None, 14, 14, 384)       │           3,456 │ block_10_expand_relu[0][0] │
│ (DepthwiseConv2D)             │                           │                 │                            │
├───────────────────────────────┼───────────────────────────┼─────────────────┼────────────────────────────┤
│ block_10_depthwise_BN         │ (None, 14, 14, 384)       │           1,536 │ block_10_depthwise[0][0]   │
│ (BatchNormalization)          │                           │                 │                            │
├───────────────────────────────┼───────────────────────────┼─────────────────┼────────────────────────────┤
│ block_10_depthwise_relu       │ (None, 14, 14, 384)       │               0 │ block_10_depthwise_BN[0][… │
│ (ReLU)                        │                           │                 │                            │
├───────────────────────────────┼───────────────────────────┼─────────────────┼────────────────────────────┤
│ block_10_project (Conv2D)     │ (None, 14, 14, 96)        │          36,864 │ block_10_depthwise_relu[0… │
├───────────────────────────────┼───────────────────────────┼─────────────────┼────────────────────────────┤
│ block_10_project_BN           │ (None, 14, 14, 96)        │             384 │ block_10_project[0][0]     │
│ (BatchNormalization)          │                           │                 │                            │
├───────────────────────────────┼───────────────────────────┼─────────────────┼────────────────────────────┤
│ block_11_expand (Conv2D)      │ (None, 14, 14, 576)       │          55,296 │ block_10_project_BN[0][0]  │
├───────────────────────────────┼───────────────────────────┼─────────────────┼────────────────────────────┤
│ block_11_expand_BN            │ (None, 14, 14, 576)       │           2,304 │ block_11_expand[0][0]      │
│ (BatchNormalization)          │                           │                 │                            │
├───────────────────────────────┼───────────────────────────┼─────────────────┼────────────────────────────┤
│ block_11_expand_relu (ReLU)   │ (None, 14, 14, 576)       │               0 │ block_11_expand_BN[0][0]   │
├───────────────────────────────┼───────────────────────────┼─────────────────┼────────────────────────────┤
│ block_11_depthwise            │ (None, 14, 14, 576)       │           5,184 │ block_11_expand_relu[0][0] │
│ (DepthwiseConv2D)             │                           │                 │                            │
├───────────────────────────────┼───────────────────────────┼─────────────────┼────────────────────────────┤
│ block_11_depthwise_BN         │ (None, 14, 14, 576)       │           2,304 │ block_11_depthwise[0][0]   │
│ (BatchNormalization)          │                           │                 │                            │
├───────────────────────────────┼───────────────────────────┼─────────────────┼────────────────────────────┤
│ block_11_depthwise_relu       │ (None, 14, 14, 576)       │               0 │ block_11_depthwise_BN[0][… │
│ (ReLU)                        │                           │                 │                            │
├───────────────────────────────┼───────────────────────────┼─────────────────┼────────────────────────────┤
│ block_11_project (Conv2D)     │ (None, 14, 14, 96)        │          55,296 │ block_11_depthwise_relu[0… │
├───────────────────────────────┼───────────────────────────┼─────────────────┼────────────────────────────┤
│ block_11_project_BN           │ (None, 14, 14, 96)        │             384 │ block_11_project[0][0]     │
│ (BatchNormalization)          │                           │                 │                            │
├───────────────────────────────┼───────────────────────────┼─────────────────┼────────────────────────────┤
│ block_11_add (Add)            │ (None, 14, 14, 96)        │               0 │ block_10_project_BN[0][0], │
│                               │                           │                 │ block_11_project_BN[0][0]  │
├───────────────────────────────┼───────────────────────────┼─────────────────┼────────────────────────────┤
│ block_12_expand (Conv2D)      │ (None, 14, 14, 576)       │          55,296 │ block_11_add[0][0]         │
├───────────────────────────────┼───────────────────────────┼─────────────────┼────────────────────────────┤
│ block_12_expand_BN            │ (None, 14, 14, 576)       │           2,304 │ block_12_expand[0][0]      │
│ (BatchNormalization)          │                           │                 │                            │
├───────────────────────────────┼───────────────────────────┼─────────────────┼────────────────────────────┤
│ block_12_expand_relu (ReLU)   │ (None, 14, 14, 576)       │               0 │ block_12_expand_BN[0][0]   │
├───────────────────────────────┼───────────────────────────┼─────────────────┼────────────────────────────┤
│ block_12_depthwise            │ (None, 14, 14, 576)       │           5,184 │ block_12_expand_relu[0][0] │
│ (DepthwiseConv2D)             │                           │                 │                            │
├───────────────────────────────┼───────────────────────────┼─────────────────┼────────────────────────────┤
│ block_12_depthwise_BN         │ (None, 14, 14, 576)       │           2,304 │ block_12_depthwise[0][0]   │
│ (BatchNormalization)          │                           │                 │                            │
├───────────────────────────────┼───────────────────────────┼─────────────────┼────────────────────────────┤
│ block_12_depthwise_relu       │ (None, 14, 14, 576)       │               0 │ block_12_depthwise_BN[0][… │
│ (ReLU)                        │                           │                 │                            │
├───────────────────────────────┼───────────────────────────┼─────────────────┼────────────────────────────┤
│ block_12_project (Conv2D)     │ (None, 14, 14, 96)        │          55,296 │ block_12_depthwise_relu[0… │
├───────────────────────────────┼───────────────────────────┼─────────────────┼────────────────────────────┤
│ block_12_project_BN           │ (None, 14, 14, 96)        │             384 │ block_12_project[0][0]     │
│ (BatchNormalization)          │                           │                 │                            │
├───────────────────────────────┼───────────────────────────┼─────────────────┼────────────────────────────┤
│ block_12_add (Add)            │ (None, 14, 14, 96)        │               0 │ block_11_add[0][0],        │
│                               │                           │                 │ block_12_project_BN[0][0]  │
├───────────────────────────────┼───────────────────────────┼─────────────────┼────────────────────────────┤
│ block_13_expand (Conv2D)      │ (None, 14, 14, 576)       │          55,296 │ block_12_add[0][0]         │
├───────────────────────────────┼───────────────────────────┼─────────────────┼────────────────────────────┤
│ block_13_expand_BN            │ (None, 14, 14, 576)       │           2,304 │ block_13_expand[0][0]      │
│ (BatchNormalization)          │                           │                 │                            │
├───────────────────────────────┼───────────────────────────┼─────────────────┼────────────────────────────┤
│ block_13_expand_relu (ReLU)   │ (None, 14, 14, 576)       │               0 │ block_13_expand_BN[0][0]   │
├───────────────────────────────┼───────────────────────────┼─────────────────┼────────────────────────────┤
│ block_13_pad (ZeroPadding2D)  │ (None, 15, 15, 576)       │               0 │ block_13_expand_relu[0][0] │
├───────────────────────────────┼───────────────────────────┼─────────────────┼────────────────────────────┤
│ block_13_depthwise            │ (None, 7, 7, 576)         │           5,184 │ block_13_pad[0][0]         │
│ (DepthwiseConv2D)             │                           │                 │                            │
├───────────────────────────────┼───────────────────────────┼─────────────────┼────────────────────────────┤
│ block_13_depthwise_BN         │ (None, 7, 7, 576)         │           2,304 │ block_13_depthwise[0][0]   │
│ (BatchNormalization)          │                           │                 │                            │
├───────────────────────────────┼───────────────────────────┼─────────────────┼────────────────────────────┤
│ block_13_depthwise_relu       │ (None, 7, 7, 576)         │               0 │ block_13_depthwise_BN[0][… │
│ (ReLU)                        │                           │                 │                            │
├───────────────────────────────┼───────────────────────────┼─────────────────┼────────────────────────────┤
│ block_13_project (Conv2D)     │ (None, 7, 7, 160)         │          92,160 │ block_13_depthwise_relu[0… │
├───────────────────────────────┼───────────────────────────┼─────────────────┼────────────────────────────┤
│ block_13_project_BN           │ (None, 7, 7, 160)         │             640 │ block_13_project[0][0]     │
│ (BatchNormalization)          │                           │                 │                            │
├───────────────────────────────┼───────────────────────────┼─────────────────┼────────────────────────────┤
│ block_14_expand (Conv2D)      │ (None, 7, 7, 960)         │         153,600 │ block_13_project_BN[0][0]  │
├───────────────────────────────┼───────────────────────────┼─────────────────┼────────────────────────────┤
│ block_14_expand_BN            │ (None, 7, 7, 960)         │           3,840 │ block_14_expand[0][0]      │
│ (BatchNormalization)          │                           │                 │                            │
├───────────────────────────────┼───────────────────────────┼─────────────────┼────────────────────────────┤
│ block_14_expand_relu (ReLU)   │ (None, 7, 7, 960)         │               0 │ block_14_expand_BN[0][0]   │
├───────────────────────────────┼───────────────────────────┼─────────────────┼────────────────────────────┤
│ block_14_depthwise            │ (None, 7, 7, 960)         │           8,640 │ block_14_expand_relu[0][0] │
│ (DepthwiseConv2D)             │                           │                 │                            │
├───────────────────────────────┼───────────────────────────┼─────────────────┼────────────────────────────┤
│ block_14_depthwise_BN         │ (None, 7, 7, 960)         │           3,840 │ block_14_depthwise[0][0]   │
│ (BatchNormalization)          │                           │                 │                            │
├───────────────────────────────┼───────────────────────────┼─────────────────┼────────────────────────────┤
│ block_14_depthwise_relu       │ (None, 7, 7, 960)         │               0 │ block_14_depthwise_BN[0][… │
│ (ReLU)                        │                           │                 │                            │
├───────────────────────────────┼───────────────────────────┼─────────────────┼────────────────────────────┤
│ block_14_project (Conv2D)     │ (None, 7, 7, 160)         │         153,600 │ block_14_depthwise_relu[0… │
├───────────────────────────────┼───────────────────────────┼─────────────────┼────────────────────────────┤
│ block_14_project_BN           │ (None, 7, 7, 160)         │             640 │ block_14_project[0][0]     │
│ (BatchNormalization)          │                           │                 │                            │
├───────────────────────────────┼───────────────────────────┼─────────────────┼────────────────────────────┤
│ block_14_add (Add)            │ (None, 7, 7, 160)         │               0 │ block_13_project_BN[0][0], │
│                               │                           │                 │ block_14_project_BN[0][0]  │
├───────────────────────────────┼───────────────────────────┼─────────────────┼────────────────────────────┤
│ block_15_expand (Conv2D)      │ (None, 7, 7, 960)         │         153,600 │ block_14_add[0][0]         │
├───────────────────────────────┼───────────────────────────┼─────────────────┼────────────────────────────┤
│ block_15_expand_BN            │ (None, 7, 7, 960)         │           3,840 │ block_15_expand[0][0]      │
│ (BatchNormalization)          │                           │                 │                            │
├───────────────────────────────┼───────────────────────────┼─────────────────┼────────────────────────────┤
│ block_15_expand_relu (ReLU)   │ (None, 7, 7, 960)         │               0 │ block_15_expand_BN[0][0]   │
├───────────────────────────────┼───────────────────────────┼─────────────────┼────────────────────────────┤
│ block_15_depthwise            │ (None, 7, 7, 960)         │           8,640 │ block_15_expand_relu[0][0] │
│ (DepthwiseConv2D)             │                           │                 │                            │
├───────────────────────────────┼───────────────────────────┼─────────────────┼────────────────────────────┤
│ block_15_depthwise_BN         │ (None, 7, 7, 960)         │           3,840 │ block_15_depthwise[0][0]   │
│ (BatchNormalization)          │                           │                 │                            │
├───────────────────────────────┼───────────────────────────┼─────────────────┼────────────────────────────┤
│ block_15_depthwise_relu       │ (None, 7, 7, 960)         │               0 │ block_15_depthwise_BN[0][… │
│ (ReLU)                        │                           │                 │                            │
├───────────────────────────────┼───────────────────────────┼─────────────────┼────────────────────────────┤
│ block_15_project (Conv2D)     │ (None, 7, 7, 160)         │         153,600 │ block_15_depthwise_relu[0… │
├───────────────────────────────┼───────────────────────────┼─────────────────┼────────────────────────────┤
│ block_15_project_BN           │ (None, 7, 7, 160)         │             640 │ block_15_project[0][0]     │
│ (BatchNormalization)          │                           │                 │                            │
├───────────────────────────────┼───────────────────────────┼─────────────────┼────────────────────────────┤
│ block_15_add (Add)            │ (None, 7, 7, 160)         │               0 │ block_14_add[0][0],        │
│                               │                           │                 │ block_15_project_BN[0][0]  │
├───────────────────────────────┼───────────────────────────┼─────────────────┼────────────────────────────┤
│ block_16_expand (Conv2D)      │ (None, 7, 7, 960)         │         153,600 │ block_15_add[0][0]         │
├───────────────────────────────┼───────────────────────────┼─────────────────┼────────────────────────────┤
│ block_16_expand_BN            │ (None, 7, 7, 960)         │           3,840 │ block_16_expand[0][0]      │
│ (BatchNormalization)          │                           │                 │                            │
├───────────────────────────────┼───────────────────────────┼─────────────────┼────────────────────────────┤
│ block_16_expand_relu (ReLU)   │ (None, 7, 7, 960)         │               0 │ block_16_expand_BN[0][0]   │
├───────────────────────────────┼───────────────────────────┼─────────────────┼────────────────────────────┤
│ block_16_depthwise            │ (None, 7, 7, 960)         │           8,640 │ block_16_expand_relu[0][0] │
│ (DepthwiseConv2D)             │                           │                 │                            │
├───────────────────────────────┼───────────────────────────┼─────────────────┼────────────────────────────┤
│ block_16_depthwise_BN         │ (None, 7, 7, 960)         │           3,840 │ block_16_depthwise[0][0]   │
│ (BatchNormalization)          │                           │                 │                            │
├───────────────────────────────┼───────────────────────────┼─────────────────┼────────────────────────────┤
│ block_16_depthwise_relu       │ (None, 7, 7, 960)         │               0 │ block_16_depthwise_BN[0][… │
│ (ReLU)                        │                           │                 │                            │
├───────────────────────────────┼───────────────────────────┼─────────────────┼────────────────────────────┤
│ block_16_project (Conv2D)     │ (None, 7, 7, 320)         │         307,200 │ block_16_depthwise_relu[0… │
├───────────────────────────────┼───────────────────────────┼─────────────────┼────────────────────────────┤
│ block_16_project_BN           │ (None, 7, 7, 320)         │           1,280 │ block_16_project[0][0]     │
│ (BatchNormalization)          │                           │                 │                            │
├───────────────────────────────┼───────────────────────────┼─────────────────┼────────────────────────────┤
│ Conv_1 (Conv2D)               │ (None, 7, 7, 1280)        │         409,600 │ block_16_project_BN[0][0]  │
├───────────────────────────────┼───────────────────────────┼─────────────────┼────────────────────────────┤
│ Conv_1_bn                     │ (None, 7, 7, 1280)        │           5,120 │ Conv_1[0][0]               │
│ (BatchNormalization)          │                           │                 │                            │
├───────────────────────────────┼───────────────────────────┼─────────────────┼────────────────────────────┤
│ out_relu (ReLU)               │ (None, 7, 7, 1280)        │               0 │ Conv_1_bn[0][0]            │
├───────────────────────────────┼───────────────────────────┼─────────────────┼────────────────────────────┤
│ global_average_pooling2d      │ (None, 1280)              │               0 │ out_relu[0][0]             │
│ (GlobalAveragePooling2D)      │                           │                 │                            │
├───────────────────────────────┼───────────────────────────┼─────────────────┼────────────────────────────┤
│ dropout (Dropout)             │ (None, 1280)              │               0 │ global_average_pooling2d[… │
├───────────────────────────────┼───────────────────────────┼─────────────────┼────────────────────────────┤
│ dense (Dense)                 │ (None, 128)               │         163,968 │ dropout[0][0]              │
├───────────────────────────────┼───────────────────────────┼─────────────────┼────────────────────────────┤
│ dropout_1 (Dropout)           │ (None, 128)               │               0 │ dense[0][0]                │
├───────────────────────────────┼───────────────────────────┼─────────────────┼────────────────────────────┤
│ dense_1 (Dense)               │ (None, 11)                │           1,419 │ dropout_1[0][0]            │
└───────────────────────────────┴───────────────────────────┴─────────────────┴────────────────────────────┘
 Total params: 2,423,371 (9.24 MB)
 Trainable params: 165,387 (646.04 KB)
 Non-trainable params: 2,257,984 (8.61 MB)
✅ Callbacks configurados

============================================================
FASE 1: ENTRENANDO CABEZA DE CLASIFICACIÓN
============================================================
Epoch 1/20

Epoch 1: val_accuracy improved from None to 0.89553, saving model to ./Estudios/Modelo/mejor_modelo_mobilenetv2_combinacion2.keras

Epoch 1: finished saving model to ./Estudios/Modelo/mejor_modelo_mobilenetv2_combinacion2.keras
9702/9702 - 3757s - 387ms/step - accuracy: 0.7865 - loss: 0.6157 - val_accuracy: 0.8955 - val_loss: 0.3400 - learning_rate: 0.0010
Epoch 2/20

Epoch 2: val_accuracy improved from 0.89553 to 0.91047, saving model to ./Estudios/Modelo/mejor_modelo_mobilenetv2_combinacion2.keras

Epoch 2: finished saving model to ./Estudios/Modelo/mejor_modelo_mobilenetv2_combinacion2.keras
9702/9702 - 3703s - 382ms/step - accuracy: 0.8301 - loss: 0.4911 - val_accuracy: 0.9105 - val_loss: 0.3020 - learning_rate: 0.0010
Epoch 3/20

Epoch 3: val_accuracy did not improve from 0.91047
9702/9702 - 3733s - 385ms/step - accuracy: 0.8391 - loss: 0.4652 - val_accuracy: 0.9073 - val_loss: 0.2911 - learning_rate: 0.0010
Epoch 4/20

Epoch 4: val_accuracy did not improve from 0.91047
9702/9702 - 3533s - 364ms/step - accuracy: 0.8443 - loss: 0.4513 - val_accuracy: 0.9073 - val_loss: 0.2809 - learning_rate: 0.0010
Epoch 5/20

Epoch 5: val_accuracy improved from 0.91047 to 0.91793, saving model to ./Estudios/Modelo/mejor_modelo_mobilenetv2_combinacion2.keras

Epoch 5: finished saving model to ./Estudios/Modelo/mejor_modelo_mobilenetv2_combinacion2.keras
9702/9702 - 3500s - 361ms/step - accuracy: 0.8479 - loss: 0.4425 - val_accuracy: 0.9179 - val_loss: 0.2690 - learning_rate: 0.0010
Epoch 6/20

Epoch 6: val_accuracy improved from 0.91793 to 0.91950, saving model to ./Estudios/Modelo/mejor_modelo_mobilenetv2_combinacion2.keras

Epoch 6: finished saving model to ./Estudios/Modelo/mejor_modelo_mobilenetv2_combinacion2.keras
9702/9702 - 3487s - 359ms/step - accuracy: 0.8503 - loss: 0.4361 - val_accuracy: 0.9195 - val_loss: 0.2602 - learning_rate: 0.0010
Epoch 7/20

Epoch 7: val_accuracy improved from 0.91950 to 0.92319, saving model to ./Estudios/Modelo/mejor_modelo_mobilenetv2_combinacion2.keras

Epoch 7: finished saving model to ./Estudios/Modelo/mejor_modelo_mobilenetv2_combinacion2.keras
9702/9702 - 3426s - 353ms/step - accuracy: 0.8517 - loss: 0.4315 - val_accuracy: 0.9232 - val_loss: 0.2621 - learning_rate: 0.0010
Epoch 8/20

Epoch 8: val_accuracy did not improve from 0.92319
9702/9702 - 3460s - 357ms/step - accuracy: 0.8539 - loss: 0.4256 - val_accuracy: 0.9224 - val_loss: 0.2541 - learning_rate: 0.0010
Epoch 9/20

Epoch 9: val_accuracy did not improve from 0.92319
9702/9702 - 3628s - 374ms/step - accuracy: 0.8551 - loss: 0.4228 - val_accuracy: 0.9228 - val_loss: 0.2543 - learning_rate: 0.0010
Epoch 10/20

Epoch 10: val_accuracy did not improve from 0.92319
9702/9702 - 3414s - 352ms/step - accuracy: 0.8561 - loss: 0.4197 - val_accuracy: 0.9169 - val_loss: 0.2566 - learning_rate: 0.0010
Epoch 11/20

Epoch 11: val_accuracy did not improve from 0.92319
9702/9702 - 3453s - 356ms/step - accuracy: 0.8570 - loss: 0.4177 - val_accuracy: 0.9199 - val_loss: 0.2481 - learning_rate: 0.0010
Epoch 12/20

Epoch 12: val_accuracy improved from 0.92319 to 0.92518, saving model to ./Estudios/Modelo/mejor_modelo_mobilenetv2_combinacion2.keras

Epoch 12: finished saving model to ./Estudios/Modelo/mejor_modelo_mobilenetv2_combinacion2.keras
9702/9702 - 3410s - 351ms/step - accuracy: 0.8580 - loss: 0.4153 - val_accuracy: 0.9252 - val_loss: 0.2460 - learning_rate: 0.0010
Epoch 13/20

Epoch 13: val_accuracy did not improve from 0.92518
9702/9702 - 3395s - 350ms/step - accuracy: 0.8585 - loss: 0.4140 - val_accuracy: 0.9251 - val_loss: 0.2463 - learning_rate: 0.0010
Epoch 14/20

Epoch 14: val_accuracy improved from 0.92518 to 0.92578, saving model to ./Estudios/Modelo/mejor_modelo_mobilenetv2_combinacion2.keras

Epoch 14: finished saving model to ./Estudios/Modelo/mejor_modelo_mobilenetv2_combinacion2.keras
9702/9702 - 3430s - 354ms/step - accuracy: 0.8596 - loss: 0.4118 - val_accuracy: 0.9258 - val_loss: 0.2391 - learning_rate: 0.0010
Epoch 15/20

Epoch 15: val_accuracy did not improve from 0.92578
9702/9702 - 3417s - 352ms/step - accuracy: 0.8597 - loss: 0.4109 - val_accuracy: 0.9257 - val_loss: 0.2379 - learning_rate: 0.0010
Epoch 16/20

Epoch 16: val_accuracy improved from 0.92578 to 0.92592, saving model to ./Estudios/Modelo/mejor_modelo_mobilenetv2_combinacion2.keras

Epoch 16: finished saving model to ./Estudios/Modelo/mejor_modelo_mobilenetv2_combinacion2.keras
9702/9702 - 3424s - 353ms/step - accuracy: 0.8598 - loss: 0.4088 - val_accuracy: 0.9259 - val_loss: 0.2389 - learning_rate: 0.0010
Epoch 17/20

Epoch 17: val_accuracy did not improve from 0.92592
9702/9702 - 3414s - 352ms/step - accuracy: 0.8608 - loss: 0.4079 - val_accuracy: 0.9227 - val_loss: 0.2419 - learning_rate: 0.0010
Epoch 18/20

Epoch 18: val_accuracy did not improve from 0.92592

Epoch 18: ReduceLROnPlateau reducing learning rate to 0.00020000000949949026.
9702/9702 - 3352s - 345ms/step - accuracy: 0.8613 - loss: 0.4072 - val_accuracy: 0.9240 - val_loss: 0.2398 - learning_rate: 0.0010
Epoch 19/20

Epoch 19: val_accuracy improved from 0.92592 to 0.93066, saving model to ./Estudios/Modelo/mejor_modelo_mobilenetv2_combinacion2.keras

Epoch 19: finished saving model to ./Estudios/Modelo/mejor_modelo_mobilenetv2_combinacion2.keras
9702/9702 - 3464s - 357ms/step - accuracy: 0.8681 - loss: 0.3882 - val_accuracy: 0.9307 - val_loss: 0.2246 - learning_rate: 2.0000e-04
Epoch 20/20

Epoch 20: val_accuracy improved from 0.93066 to 0.93154, saving model to ./Estudios/Modelo/mejor_modelo_mobilenetv2_combinacion2.keras

Epoch 20: finished saving model to ./Estudios/Modelo/mejor_modelo_mobilenetv2_combinacion2.keras
9702/9702 - 3621s - 373ms/step - accuracy: 0.8689 - loss: 0.3863 - val_accuracy: 0.9315 - val_loss: 0.2218 - learning_rate: 2.0000e-04
Restoring model weights from the end of the best epoch: 20.

Fase 1 completada en 1167.02 minutos

============================================================
🎯 FASE 2: FINE-TUNING (últimas 50 capas de MobileNetV2)
============================================================
Epoch 1/10

Epoch 1: val_accuracy improved from None to 0.95330, saving model to ./Estudios/Modelo/mejor_modelo_mobilenetv2_combinacion2_ft.keras

Epoch 1: finished saving model to ./Estudios/Modelo/mejor_modelo_mobilenetv2_combinacion2_ft.keras
9702/9702 - 3633s - 374ms/step - accuracy: 0.8640 - loss: 0.4098 - val_accuracy: 0.9533 - val_loss: 0.1481 - learning_rate: 1.0000e-05
Epoch 2/10

Epoch 2: val_accuracy improved from 0.95330 to 0.97111, saving model to ./Estudios/Modelo/mejor_modelo_mobilenetv2_combinacion2_ft.keras

Epoch 2: finished saving model to ./Estudios/Modelo/mejor_modelo_mobilenetv2_combinacion2_ft.keras
9702/9702 - 3464s - 357ms/step - accuracy: 0.9475 - loss: 0.1653 - val_accuracy: 0.9711 - val_loss: 0.0935 - learning_rate: 1.0000e-05
Epoch 3/10

Epoch 3: val_accuracy improved from 0.97111 to 0.97772, saving model to ./Estudios/Modelo/mejor_modelo_mobilenetv2_combinacion2_ft.keras

Epoch 3: finished saving model to ./Estudios/Modelo/mejor_modelo_mobilenetv2_combinacion2_ft.keras
9702/9702 - 3370s - 347ms/step - accuracy: 0.9642 - loss: 0.1127 - val_accuracy: 0.9777 - val_loss: 0.0701 - learning_rate: 1.0000e-05
Epoch 4/10

Epoch 4: val_accuracy improved from 0.97772 to 0.98114, saving model to ./Estudios/Modelo/mejor_modelo_mobilenetv2_combinacion2_ft.keras

Epoch 4: finished saving model to ./Estudios/Modelo/mejor_modelo_mobilenetv2_combinacion2_ft.keras
9702/9702 - 6529s - 673ms/step - accuracy: 0.9727 - loss: 0.0842 - val_accuracy: 0.9811 - val_loss: 0.0578 - learning_rate: 1.0000e-05
Epoch 5/10

Epoch 5: val_accuracy improved from 0.98114 to 0.98437, saving model to ./Estudios/Modelo/mejor_modelo_mobilenetv2_combinacion2_ft.keras

Epoch 5: finished saving model to ./Estudios/Modelo/mejor_modelo_mobilenetv2_combinacion2_ft.keras
9702/9702 - 3448s - 355ms/step - accuracy: 0.9784 - loss: 0.0661 - val_accuracy: 0.9844 - val_loss: 0.0480 - learning_rate: 1.0000e-05
Epoch 6/10

Epoch 6: val_accuracy improved from 0.98437 to 0.98640, saving model to ./Estudios/Modelo/mejor_modelo_mobilenetv2_combinacion2_ft.keras

Epoch 6: finished saving model to ./Estudios/Modelo/mejor_modelo_mobilenetv2_combinacion2_ft.keras
9702/9702 - 3489s - 360ms/step - accuracy: 0.9824 - loss: 0.0535 - val_accuracy: 0.9864 - val_loss: 0.0417 - learning_rate: 1.0000e-05
Epoch 7/10

Epoch 7: val_accuracy improved from 0.98640 to 0.98820, saving model to ./Estudios/Modelo/mejor_modelo_mobilenetv2_combinacion2_ft.keras

Epoch 7: finished saving model to ./Estudios/Modelo/mejor_modelo_mobilenetv2_combinacion2_ft.keras
9702/9702 - 3583s - 369ms/step - accuracy: 0.9853 - loss: 0.0443 - val_accuracy: 0.9882 - val_loss: 0.0366 - learning_rate: 1.0000e-05
Epoch 8/10

Epoch 8: val_accuracy improved from 0.98820 to 0.98908, saving model to ./Estudios/Modelo/mejor_modelo_mobilenetv2_combinacion2_ft.keras

Epoch 8: finished saving model to ./Estudios/Modelo/mejor_modelo_mobilenetv2_combinacion2_ft.keras
9702/9702 - 3679s - 379ms/step - accuracy: 0.9879 - loss: 0.0367 - val_accuracy: 0.9891 - val_loss: 0.0348 - learning_rate: 1.0000e-05
Epoch 9/10

Epoch 9: val_accuracy improved from 0.98908 to 0.99019, saving model to ./Estudios/Modelo/mejor_modelo_mobilenetv2_combinacion2_ft.keras

Epoch 9: finished saving model to ./Estudios/Modelo/mejor_modelo_mobilenetv2_combinacion2_ft.keras
9702/9702 - 3496s - 360ms/step - accuracy: 0.9897 - loss: 0.0313 - val_accuracy: 0.9902 - val_loss: 0.0303 - learning_rate: 1.0000e-05
Epoch 10/10

Epoch 10: val_accuracy improved from 0.99019 to 0.99040, saving model to ./Estudios/Modelo/mejor_modelo_mobilenetv2_combinacion2_ft.keras

Epoch 10: finished saving model to ./Estudios/Modelo/mejor_modelo_mobilenetv2_combinacion2_ft.keras
9702/9702 - 4533s - 467ms/step - accuracy: 0.9912 - loss: 0.0268 - val_accuracy: 0.9904 - val_loss: 0.0309 - learning_rate: 1.0000e-05
Restoring model weights from the end of the best epoch: 10.

✅ Fase 2 completada en 653.72 minutos
Métricas guardadas en: ./Estudios/Entrenamiento/MobileNetV2_2026-04-06_combinacion2.txt

============================================================
✨ ENTRENAMIENTO COMPLETADO EXITOSAMENTE ✨
============================================================
Job finalizado: Tue Apr  7 10:04:27 PM CEST 2026
