2026-05-31 13:38:42.156523: I tensorflow/core/util/port.cc:153] oneDNN custom operations are on. You may see slightly different numerical results due to floating-point round-off errors from different computation orders. To turn them off, set the environment variable `TF_ENABLE_ONEDNN_OPTS=0`.
2026-05-31 13:38:42.331383: I tensorflow/core/platform/cpu_feature_guard.cc:210] This TensorFlow binary is optimized to use available CPU instructions in performance-critical operations.
To enable the following instructions: SSE4.1 SSE4.2 AVX AVX2 AVX512F AVX512_VNNI AVX512_BF16 FMA, in other operations, rebuild TensorFlow with the appropriate compiler flags.
WARNING: All log messages before absl::InitializeLog() is called are written to STDERR
I0000 00:00:1780227540.569385 1552232 gpu_device.cc:2020] Created device /job:localhost/replica:0/task:0/device:GPU:0 with 43695 MB memory:  -> device: 0, name: NVIDIA A40, pci bus id: 0000:01:00.0, compute capability: 8.6
2026-05-31 13:39:37.330546: I tensorflow/core/kernels/data/shuffle_dataset_op.cc:453] ShuffleDatasetV3:8: Filling up shuffle buffer (this may take a while): 244 of 2000
2026-05-31 13:39:54.264816: I tensorflow/core/kernels/data/shuffle_dataset_op.cc:453] ShuffleDatasetV3:8: Filling up shuffle buffer (this may take a while): 492 of 2000
2026-05-31 13:40:27.717665: I tensorflow/core/kernels/data/shuffle_dataset_op.cc:453] ShuffleDatasetV3:8: Filling up shuffle buffer (this may take a while): 989 of 2000
2026-05-31 13:40:40.967977: I tensorflow/core/kernels/data/shuffle_dataset_op.cc:453] ShuffleDatasetV3:8: Filling up shuffle buffer (this may take a while): 1750 of 2000
2026-05-31 13:41:41.326035: I tensorflow/core/kernels/data/shuffle_dataset_op.cc:453] ShuffleDatasetV3:8: Filling up shuffle buffer (this may take a while): 1983 of 2000
2026-05-31 13:41:41.641267: I tensorflow/core/kernels/data/shuffle_dataset_op.cc:483] Shuffle buffer filled.
2026-05-31 13:41:41.660546: I external/local_xla/xla/service/service.cc:163] XLA service 0x7bc79c003130 initialized for platform CUDA (this does not guarantee that XLA will be used). Devices:
2026-05-31 13:41:41.660572: I external/local_xla/xla/service/service.cc:171]   StreamExecutor device (0): NVIDIA A40, Compute Capability 8.6
2026-05-31 13:41:43.151438: I tensorflow/compiler/mlir/tensorflow/utils/dump_mlir_util.cc:269] disabling MLIR crash reproducer, set env var `MLIR_CRASH_REPRODUCER_DIRECTORY` to enable.
2026-05-31 13:41:46.629121: I external/local_xla/xla/stream_executor/cuda/cuda_dnn.cc:473] Loaded cuDNN version 91700
2026-05-31 13:41:49.501527: I external/local_xla/xla/service/gpu/autotuning/dot_search_space.cc:208] All configs were filtered out because none of them sufficiently match the hints. Maybe the hints set does not contain a good representative set of valid configs? Working around this by using the full hints set instead.
2026-05-31 13:41:50.792984: I external/local_xla/xla/stream_executor/cuda/subprocess_compilation.cc:346] ptxas warning : Registers are spilled to local memory in function 'gemm_fusion_dot_19270', 520 bytes spill stores, 520 bytes spill loads

2026-05-31 13:42:01.877180: E external/local_xla/xla/stream_executor/cuda/cuda_timer.cc:86] Delay kernel timed out: measured time has sub-optimal accuracy. There may be a missing warmup execution, please investigate in Nsight Systems.
2026-05-31 13:42:02.006985: E external/local_xla/xla/stream_executor/cuda/cuda_timer.cc:86] Delay kernel timed out: measured time has sub-optimal accuracy. There may be a missing warmup execution, please investigate in Nsight Systems.
2026-05-31 13:42:02.431983: E external/local_xla/xla/stream_executor/cuda/cuda_timer.cc:86] Delay kernel timed out: measured time has sub-optimal accuracy. There may be a missing warmup execution, please investigate in Nsight Systems.
2026-05-31 13:42:02.569055: E external/local_xla/xla/stream_executor/cuda/cuda_timer.cc:86] Delay kernel timed out: measured time has sub-optimal accuracy. There may be a missing warmup execution, please investigate in Nsight Systems.
2026-05-31 13:42:03.228552: E external/local_xla/xla/stream_executor/cuda/cuda_timer.cc:86] Delay kernel timed out: measured time has sub-optimal accuracy. There may be a missing warmup execution, please investigate in Nsight Systems.
2026-05-31 13:42:03.365862: E external/local_xla/xla/stream_executor/cuda/cuda_timer.cc:86] Delay kernel timed out: measured time has sub-optimal accuracy. There may be a missing warmup execution, please investigate in Nsight Systems.
2026-05-31 13:42:04.099283: E external/local_xla/xla/stream_executor/cuda/cuda_timer.cc:86] Delay kernel timed out: measured time has sub-optimal accuracy. There may be a missing warmup execution, please investigate in Nsight Systems.
2026-05-31 13:42:04.260689: E external/local_xla/xla/stream_executor/cuda/cuda_timer.cc:86] Delay kernel timed out: measured time has sub-optimal accuracy. There may be a missing warmup execution, please investigate in Nsight Systems.
I0000 00:00:1780227735.436478 1552275 device_compiler.h:196] Compiled cluster using XLA!  This line is logged at most once for the lifetime of the process.
2026-05-31 14:07:30.112107: E external/local_xla/xla/stream_executor/cuda/cuda_timer.cc:86] Delay kernel timed out: measured time has sub-optimal accuracy. There may be a missing warmup execution, please investigate in Nsight Systems.
2026-05-31 14:07:30.240138: E external/local_xla/xla/stream_executor/cuda/cuda_timer.cc:86] Delay kernel timed out: measured time has sub-optimal accuracy. There may be a missing warmup execution, please investigate in Nsight Systems.
2026-05-31 14:07:30.620452: E external/local_xla/xla/stream_executor/cuda/cuda_timer.cc:86] Delay kernel timed out: measured time has sub-optimal accuracy. There may be a missing warmup execution, please investigate in Nsight Systems.
2026-05-31 14:07:30.757965: E external/local_xla/xla/stream_executor/cuda/cuda_timer.cc:86] Delay kernel timed out: measured time has sub-optimal accuracy. There may be a missing warmup execution, please investigate in Nsight Systems.
2026-05-31 14:07:31.381185: E external/local_xla/xla/stream_executor/cuda/cuda_timer.cc:86] Delay kernel timed out: measured time has sub-optimal accuracy. There may be a missing warmup execution, please investigate in Nsight Systems.
2026-05-31 14:07:31.518352: E external/local_xla/xla/stream_executor/cuda/cuda_timer.cc:86] Delay kernel timed out: measured time has sub-optimal accuracy. There may be a missing warmup execution, please investigate in Nsight Systems.
2026-05-31 14:07:32.199537: E external/local_xla/xla/stream_executor/cuda/cuda_timer.cc:86] Delay kernel timed out: measured time has sub-optimal accuracy. There may be a missing warmup execution, please investigate in Nsight Systems.
2026-05-31 14:07:32.361038: E external/local_xla/xla/stream_executor/cuda/cuda_timer.cc:86] Delay kernel timed out: measured time has sub-optimal accuracy. There may be a missing warmup execution, please investigate in Nsight Systems.
2026-05-31 14:12:08.457601: E external/local_xla/xla/stream_executor/cuda/cuda_timer.cc:86] Delay kernel timed out: measured time has sub-optimal accuracy. There may be a missing warmup execution, please investigate in Nsight Systems.
2026-05-31 14:12:08.586026: E external/local_xla/xla/stream_executor/cuda/cuda_timer.cc:86] Delay kernel timed out: measured time has sub-optimal accuracy. There may be a missing warmup execution, please investigate in Nsight Systems.
2026-05-31 14:12:08.953192: E external/local_xla/xla/stream_executor/cuda/cuda_timer.cc:86] Delay kernel timed out: measured time has sub-optimal accuracy. There may be a missing warmup execution, please investigate in Nsight Systems.
2026-05-31 14:12:09.091172: E external/local_xla/xla/stream_executor/cuda/cuda_timer.cc:86] Delay kernel timed out: measured time has sub-optimal accuracy. There may be a missing warmup execution, please investigate in Nsight Systems.
2026-05-31 14:12:09.229185: E external/local_xla/xla/stream_executor/cuda/cuda_timer.cc:86] Delay kernel timed out: measured time has sub-optimal accuracy. There may be a missing warmup execution, please investigate in Nsight Systems.
2026-05-31 14:12:09.367212: E external/local_xla/xla/stream_executor/cuda/cuda_timer.cc:86] Delay kernel timed out: measured time has sub-optimal accuracy. There may be a missing warmup execution, please investigate in Nsight Systems.
2026-05-31 14:12:09.505353: E external/local_xla/xla/stream_executor/cuda/cuda_timer.cc:86] Delay kernel timed out: measured time has sub-optimal accuracy. There may be a missing warmup execution, please investigate in Nsight Systems.
2026-05-31 14:12:09.643330: E external/local_xla/xla/stream_executor/cuda/cuda_timer.cc:86] Delay kernel timed out: measured time has sub-optimal accuracy. There may be a missing warmup execution, please investigate in Nsight Systems.
2026-05-31 14:12:09.781326: E external/local_xla/xla/stream_executor/cuda/cuda_timer.cc:86] Delay kernel timed out: measured time has sub-optimal accuracy. There may be a missing warmup execution, please investigate in Nsight Systems.
2026-05-31 14:12:09.783297: E external/local_xla/xla/service/slow_operation_alarm.cc:73] Trying algorithm eng3{k11=2} for conv (f32[19,1392,10,10]{3,2,1,0}, u8[0]{0}) custom-call(f32[19,1392,10,10]{3,2,1,0}, f32[1392,1,5,5]{3,2,1,0}), window={size=5x5 pad=2_2x2_2}, dim_labels=bf01_oi01->bf01, feature_group_count=1392, custom_call_target="__cudnn$convForward", backend_config={"operation_queue_id":"0","wait_on_operation_queues":[],"cudnn_conv_backend_config":{"activation_mode":"kNone","conv_result_scale":1,"side_input_scale":0,"leakyrelu_alpha":0},"force_earliest_schedule":false,"reification_cost":[]} is taking a while...
2026-05-31 14:12:09.918933: E external/local_xla/xla/stream_executor/cuda/cuda_timer.cc:86] Delay kernel timed out: measured time has sub-optimal accuracy. There may be a missing warmup execution, please investigate in Nsight Systems.
2026-05-31 14:12:10.056777: E external/local_xla/xla/stream_executor/cuda/cuda_timer.cc:86] Delay kernel timed out: measured time has sub-optimal accuracy. There may be a missing warmup execution, please investigate in Nsight Systems.
2026-05-31 14:12:10.195204: E external/local_xla/xla/stream_executor/cuda/cuda_timer.cc:86] Delay kernel timed out: measured time has sub-optimal accuracy. There may be a missing warmup execution, please investigate in Nsight Systems.
2026-05-31 14:12:10.196145: E external/local_xla/xla/service/slow_operation_alarm.cc:140] The operation took 1.412950883s
Trying algorithm eng3{k11=2} for conv (f32[19,1392,10,10]{3,2,1,0}, u8[0]{0}) custom-call(f32[19,1392,10,10]{3,2,1,0}, f32[1392,1,5,5]{3,2,1,0}), window={size=5x5 pad=2_2x2_2}, dim_labels=bf01_oi01->bf01, feature_group_count=1392, custom_call_target="__cudnn$convForward", backend_config={"operation_queue_id":"0","wait_on_operation_queues":[],"cudnn_conv_backend_config":{"activation_mode":"kNone","conv_result_scale":1,"side_input_scale":0,"leakyrelu_alpha":0},"force_earliest_schedule":false,"reification_cost":[]} is taking a while...
2026-05-31 14:12:10.819032: E external/local_xla/xla/stream_executor/cuda/cuda_timer.cc:86] Delay kernel timed out: measured time has sub-optimal accuracy. There may be a missing warmup execution, please investigate in Nsight Systems.
2026-05-31 14:12:10.956720: E external/local_xla/xla/stream_executor/cuda/cuda_timer.cc:86] Delay kernel timed out: measured time has sub-optimal accuracy. There may be a missing warmup execution, please investigate in Nsight Systems.
2026-05-31 14:12:11.658659: E external/local_xla/xla/stream_executor/cuda/cuda_timer.cc:86] Delay kernel timed out: measured time has sub-optimal accuracy. There may be a missing warmup execution, please investigate in Nsight Systems.
2026-05-31 14:12:11.821636: E external/local_xla/xla/stream_executor/cuda/cuda_timer.cc:86] Delay kernel timed out: measured time has sub-optimal accuracy. There may be a missing warmup execution, please investigate in Nsight Systems.
2026-05-31 14:12:28.390246: I tensorflow/core/kernels/data/shuffle_dataset_op.cc:453] ShuffleDatasetV3:8: Filling up shuffle buffer (this may take a while): 589 of 2000
2026-05-31 14:12:48.384653: I tensorflow/core/kernels/data/shuffle_dataset_op.cc:453] ShuffleDatasetV3:8: Filling up shuffle buffer (this may take a while): 1772 of 2000
2026-05-31 14:12:52.154365: I tensorflow/core/kernels/data/shuffle_dataset_op.cc:483] Shuffle buffer filled.
2026-05-31 14:42:20.620563: I tensorflow/core/kernels/data/shuffle_dataset_op.cc:453] ShuffleDatasetV3:8: Filling up shuffle buffer (this may take a while): 545 of 2000
2026-05-31 14:42:40.566624: I tensorflow/core/kernels/data/shuffle_dataset_op.cc:453] ShuffleDatasetV3:8: Filling up shuffle buffer (this may take a while): 1257 of 2000
2026-05-31 14:42:53.440882: I tensorflow/core/kernels/data/shuffle_dataset_op.cc:483] Shuffle buffer filled.
2026-05-31 15:12:18.579896: I tensorflow/core/kernels/data/shuffle_dataset_op.cc:453] ShuffleDatasetV3:8: Filling up shuffle buffer (this may take a while): 603 of 2000
2026-05-31 15:12:38.540043: I tensorflow/core/kernels/data/shuffle_dataset_op.cc:453] ShuffleDatasetV3:8: Filling up shuffle buffer (this may take a while): 1816 of 2000
2026-05-31 15:12:41.590990: I tensorflow/core/kernels/data/shuffle_dataset_op.cc:483] Shuffle buffer filled.
2026-05-31 15:41:57.129555: I tensorflow/core/kernels/data/shuffle_dataset_op.cc:453] ShuffleDatasetV3:8: Filling up shuffle buffer (this may take a while): 606 of 2000
2026-05-31 15:42:17.134532: I tensorflow/core/kernels/data/shuffle_dataset_op.cc:453] ShuffleDatasetV3:8: Filling up shuffle buffer (this may take a while): 1813 of 2000
2026-05-31 15:42:20.224034: I tensorflow/core/kernels/data/shuffle_dataset_op.cc:483] Shuffle buffer filled.
2026-05-31 16:11:25.634901: I tensorflow/core/kernels/data/shuffle_dataset_op.cc:453] ShuffleDatasetV3:8: Filling up shuffle buffer (this may take a while): 611 of 2000
2026-05-31 16:11:35.643619: I tensorflow/core/kernels/data/shuffle_dataset_op.cc:453] ShuffleDatasetV3:8: Filling up shuffle buffer (this may take a while): 1223 of 2000
2026-05-31 16:11:48.300580: I tensorflow/core/kernels/data/shuffle_dataset_op.cc:483] Shuffle buffer filled.
2026-05-31 16:40:55.545620: I tensorflow/core/kernels/data/shuffle_dataset_op.cc:453] ShuffleDatasetV3:8: Filling up shuffle buffer (this may take a while): 619 of 2000
2026-05-31 16:41:05.554791: I tensorflow/core/kernels/data/shuffle_dataset_op.cc:453] ShuffleDatasetV3:8: Filling up shuffle buffer (this may take a while): 1233 of 2000
2026-05-31 16:41:18.010696: I tensorflow/core/kernels/data/shuffle_dataset_op.cc:483] Shuffle buffer filled.
2026-05-31 17:10:19.564159: I tensorflow/core/kernels/data/shuffle_dataset_op.cc:453] ShuffleDatasetV3:8: Filling up shuffle buffer (this may take a while): 612 of 2000
2026-05-31 17:10:29.571622: I tensorflow/core/kernels/data/shuffle_dataset_op.cc:453] ShuffleDatasetV3:8: Filling up shuffle buffer (this may take a while): 1221 of 2000
2026-05-31 17:10:42.293289: I tensorflow/core/kernels/data/shuffle_dataset_op.cc:483] Shuffle buffer filled.
2026-05-31 17:39:52.108644: I tensorflow/core/kernels/data/shuffle_dataset_op.cc:453] ShuffleDatasetV3:8: Filling up shuffle buffer (this may take a while): 622 of 2000
2026-05-31 17:40:12.097008: I tensorflow/core/kernels/data/shuffle_dataset_op.cc:453] ShuffleDatasetV3:8: Filling up shuffle buffer (this may take a while): 1852 of 2000
2026-05-31 17:40:14.489694: I tensorflow/core/kernels/data/shuffle_dataset_op.cc:483] Shuffle buffer filled.
2026-05-31 18:09:21.847337: I tensorflow/core/kernels/data/shuffle_dataset_op.cc:453] ShuffleDatasetV3:8: Filling up shuffle buffer (this may take a while): 619 of 2000
2026-05-31 18:09:31.848179: I tensorflow/core/kernels/data/shuffle_dataset_op.cc:453] ShuffleDatasetV3:8: Filling up shuffle buffer (this may take a while): 1236 of 2000
2026-05-31 18:09:41.849211: I tensorflow/core/kernels/data/shuffle_dataset_op.cc:453] ShuffleDatasetV3:8: Filling up shuffle buffer (this may take a while): 1854 of 2000
2026-05-31 18:09:44.236408: I tensorflow/core/kernels/data/shuffle_dataset_op.cc:483] Shuffle buffer filled.
2026-05-31 18:38:56.495996: I tensorflow/core/kernels/data/shuffle_dataset_op.cc:453] ShuffleDatasetV3:8: Filling up shuffle buffer (this may take a while): 573 of 2000
2026-05-31 18:39:06.504223: I tensorflow/core/kernels/data/shuffle_dataset_op.cc:453] ShuffleDatasetV3:8: Filling up shuffle buffer (this may take a while): 1190 of 2000
2026-05-31 18:39:20.392917: I tensorflow/core/kernels/data/shuffle_dataset_op.cc:483] Shuffle buffer filled.
2026-05-31 19:08:42.890700: I tensorflow/core/kernels/data/shuffle_dataset_op.cc:453] ShuffleDatasetV3:8: Filling up shuffle buffer (this may take a while): 596 of 2000
2026-05-31 19:08:52.900387: I tensorflow/core/kernels/data/shuffle_dataset_op.cc:453] ShuffleDatasetV3:8: Filling up shuffle buffer (this may take a while): 1203 of 2000
2026-05-31 19:09:02.902779: I tensorflow/core/kernels/data/shuffle_dataset_op.cc:453] ShuffleDatasetV3:8: Filling up shuffle buffer (this may take a while): 1808 of 2000
2026-05-31 19:09:06.102080: I tensorflow/core/kernels/data/shuffle_dataset_op.cc:483] Shuffle buffer filled.
2026-05-31 19:38:15.480585: I tensorflow/core/kernels/data/shuffle_dataset_op.cc:453] ShuffleDatasetV3:8: Filling up shuffle buffer (this may take a while): 615 of 2000
2026-05-31 19:38:35.469838: I tensorflow/core/kernels/data/shuffle_dataset_op.cc:453] ShuffleDatasetV3:8: Filling up shuffle buffer (this may take a while): 1847 of 2000
2026-05-31 19:38:37.957554: I tensorflow/core/kernels/data/shuffle_dataset_op.cc:483] Shuffle buffer filled.
2026-05-31 20:07:47.126544: I tensorflow/core/kernels/data/shuffle_dataset_op.cc:453] ShuffleDatasetV3:8: Filling up shuffle buffer (this may take a while): 619 of 2000
2026-05-31 20:07:57.128560: I tensorflow/core/kernels/data/shuffle_dataset_op.cc:453] ShuffleDatasetV3:8: Filling up shuffle buffer (this may take a while): 1236 of 2000
2026-05-31 20:08:09.521054: I tensorflow/core/kernels/data/shuffle_dataset_op.cc:483] Shuffle buffer filled.
2026-05-31 20:37:15.892175: I tensorflow/core/kernels/data/shuffle_dataset_op.cc:453] ShuffleDatasetV3:8: Filling up shuffle buffer (this may take a while): 619 of 2000
2026-05-31 20:37:25.900323: I tensorflow/core/kernels/data/shuffle_dataset_op.cc:453] ShuffleDatasetV3:8: Filling up shuffle buffer (this may take a while): 1234 of 2000
2026-05-31 20:37:38.339615: I tensorflow/core/kernels/data/shuffle_dataset_op.cc:483] Shuffle buffer filled.
2026-05-31 21:06:44.861944: I tensorflow/core/kernels/data/shuffle_dataset_op.cc:453] ShuffleDatasetV3:8: Filling up shuffle buffer (this may take a while): 607 of 2000
2026-05-31 21:06:54.866186: I tensorflow/core/kernels/data/shuffle_dataset_op.cc:453] ShuffleDatasetV3:8: Filling up shuffle buffer (this may take a while): 1216 of 2000
2026-05-31 21:07:07.663656: I tensorflow/core/kernels/data/shuffle_dataset_op.cc:483] Shuffle buffer filled.
2026-05-31 21:36:16.380625: I tensorflow/core/kernels/data/shuffle_dataset_op.cc:453] ShuffleDatasetV3:8: Filling up shuffle buffer (this may take a while): 620 of 2000
2026-05-31 21:36:36.383630: I tensorflow/core/kernels/data/shuffle_dataset_op.cc:453] ShuffleDatasetV3:8: Filling up shuffle buffer (this may take a while): 1851 of 2000
2026-05-31 21:36:38.788061: I tensorflow/core/kernels/data/shuffle_dataset_op.cc:483] Shuffle buffer filled.
2026-05-31 22:05:48.465518: I tensorflow/core/kernels/data/shuffle_dataset_op.cc:453] ShuffleDatasetV3:8: Filling up shuffle buffer (this may take a while): 558 of 2000
2026-05-31 22:06:08.459080: I tensorflow/core/kernels/data/shuffle_dataset_op.cc:453] ShuffleDatasetV3:8: Filling up shuffle buffer (this may take a while): 1778 of 2000
2026-05-31 22:06:12.091767: I tensorflow/core/kernels/data/shuffle_dataset_op.cc:483] Shuffle buffer filled.
2026-05-31 22:35:18.186362: I tensorflow/core/kernels/data/shuffle_dataset_op.cc:453] ShuffleDatasetV3:8: Filling up shuffle buffer (this may take a while): 475 of 2000
2026-05-31 22:35:38.182806: I tensorflow/core/kernels/data/shuffle_dataset_op.cc:453] ShuffleDatasetV3:8: Filling up shuffle buffer (this may take a while): 1700 of 2000
2026-05-31 22:35:43.089643: I tensorflow/core/kernels/data/shuffle_dataset_op.cc:483] Shuffle buffer filled.
2026-05-31 23:04:49.234777: I tensorflow/core/kernels/data/shuffle_dataset_op.cc:453] ShuffleDatasetV3:8: Filling up shuffle buffer (this may take a while): 615 of 2000
2026-05-31 23:04:59.238827: I tensorflow/core/kernels/data/shuffle_dataset_op.cc:453] ShuffleDatasetV3:8: Filling up shuffle buffer (this may take a while): 1234 of 2000
2026-05-31 23:05:11.664829: I tensorflow/core/kernels/data/shuffle_dataset_op.cc:483] Shuffle buffer filled.
2026-05-31 23:35:01.519080: I tensorflow/core/kernels/data/shuffle_dataset_op.cc:453] ShuffleDatasetV3:8: Filling up shuffle buffer (this may take a while): 612 of 2000
2026-05-31 23:35:21.527959: I tensorflow/core/kernels/data/shuffle_dataset_op.cc:453] ShuffleDatasetV3:8: Filling up shuffle buffer (this may take a while): 1833 of 2000
2026-05-31 23:35:24.235026: I tensorflow/core/kernels/data/shuffle_dataset_op.cc:483] Shuffle buffer filled.
2026-06-01 00:09:02.172479: I tensorflow/core/kernels/data/shuffle_dataset_op.cc:453] ShuffleDatasetV3:8: Filling up shuffle buffer (this may take a while): 613 of 2000
2026-06-01 00:09:22.174671: I tensorflow/core/kernels/data/shuffle_dataset_op.cc:453] ShuffleDatasetV3:8: Filling up shuffle buffer (this may take a while): 1835 of 2000
2026-06-01 00:09:24.844593: I tensorflow/core/kernels/data/shuffle_dataset_op.cc:483] Shuffle buffer filled.
2026-06-01 00:42:19.837296: I tensorflow/core/kernels/data/shuffle_dataset_op.cc:453] ShuffleDatasetV3:8: Filling up shuffle buffer (this may take a while): 618 of 2000
2026-06-01 00:42:39.835348: I tensorflow/core/kernels/data/shuffle_dataset_op.cc:453] ShuffleDatasetV3:8: Filling up shuffle buffer (this may take a while): 1842 of 2000
2026-06-01 00:42:42.451612: I tensorflow/core/kernels/data/shuffle_dataset_op.cc:483] Shuffle buffer filled.
2026-06-01 01:15:44.389631: I tensorflow/core/kernels/data/shuffle_dataset_op.cc:453] ShuffleDatasetV3:8: Filling up shuffle buffer (this may take a while): 621 of 2000
2026-06-01 01:15:54.392427: I tensorflow/core/kernels/data/shuffle_dataset_op.cc:453] ShuffleDatasetV3:8: Filling up shuffle buffer (this may take a while): 1238 of 2000
2026-06-01 01:16:04.396638: I tensorflow/core/kernels/data/shuffle_dataset_op.cc:453] ShuffleDatasetV3:8: Filling up shuffle buffer (this may take a while): 1856 of 2000
2026-06-01 01:16:06.727330: I tensorflow/core/kernels/data/shuffle_dataset_op.cc:483] Shuffle buffer filled.
2026-06-01 01:48:58.655936: I tensorflow/core/kernels/data/shuffle_dataset_op.cc:453] ShuffleDatasetV3:8: Filling up shuffle buffer (this may take a while): 621 of 2000
2026-06-01 01:49:18.664488: I tensorflow/core/kernels/data/shuffle_dataset_op.cc:453] ShuffleDatasetV3:8: Filling up shuffle buffer (this may take a while): 1826 of 2000
2026-06-01 01:49:21.499322: I tensorflow/core/kernels/data/shuffle_dataset_op.cc:483] Shuffle buffer filled.
2026-06-01 02:22:16.451629: I tensorflow/core/kernels/data/shuffle_dataset_op.cc:453] ShuffleDatasetV3:8: Filling up shuffle buffer (this may take a while): 620 of 2000
2026-06-01 02:22:26.454037: I tensorflow/core/kernels/data/shuffle_dataset_op.cc:453] ShuffleDatasetV3:8: Filling up shuffle buffer (this may take a while): 1237 of 2000
2026-06-01 02:22:38.821639: I tensorflow/core/kernels/data/shuffle_dataset_op.cc:483] Shuffle buffer filled.
2026-06-01 02:55:31.789408: I tensorflow/core/kernels/data/shuffle_dataset_op.cc:453] ShuffleDatasetV3:8: Filling up shuffle buffer (this may take a while): 621 of 2000
2026-06-01 02:55:51.791243: I tensorflow/core/kernels/data/shuffle_dataset_op.cc:453] ShuffleDatasetV3:8: Filling up shuffle buffer (this may take a while): 1825 of 2000
2026-06-01 02:55:55.184615: I tensorflow/core/kernels/data/shuffle_dataset_op.cc:483] Shuffle buffer filled.
2026-06-01 03:28:45.446394: I tensorflow/core/kernels/data/shuffle_dataset_op.cc:453] ShuffleDatasetV3:8: Filling up shuffle buffer (this may take a while): 565 of 2000
2026-06-01 03:28:55.458809: I tensorflow/core/kernels/data/shuffle_dataset_op.cc:453] ShuffleDatasetV3:8: Filling up shuffle buffer (this may take a while): 997 of 2000
2026-06-01 03:29:15.457157: I tensorflow/core/kernels/data/shuffle_dataset_op.cc:453] ShuffleDatasetV3:8: Filling up shuffle buffer (this may take a while): 1897 of 2000
2026-06-01 03:29:17.116396: I tensorflow/core/kernels/data/shuffle_dataset_op.cc:483] Shuffle buffer filled.
2026-06-01 04:02:04.490235: I tensorflow/core/kernels/data/shuffle_dataset_op.cc:453] ShuffleDatasetV3:8: Filling up shuffle buffer (this may take a while): 621 of 2000
2026-06-01 04:02:14.494635: I tensorflow/core/kernels/data/shuffle_dataset_op.cc:453] ShuffleDatasetV3:8: Filling up shuffle buffer (this may take a while): 1240 of 2000
2026-06-01 04:02:24.497658: I tensorflow/core/kernels/data/shuffle_dataset_op.cc:453] ShuffleDatasetV3:8: Filling up shuffle buffer (this may take a while): 1858 of 2000
2026-06-01 04:02:26.799593: I tensorflow/core/kernels/data/shuffle_dataset_op.cc:483] Shuffle buffer filled.
2026-06-01 04:35:18.053322: I tensorflow/core/kernels/data/shuffle_dataset_op.cc:453] ShuffleDatasetV3:8: Filling up shuffle buffer (this may take a while): 625 of 2000
2026-06-01 04:35:38.049974: I tensorflow/core/kernels/data/shuffle_dataset_op.cc:453] ShuffleDatasetV3:8: Filling up shuffle buffer (this may take a while): 1861 of 2000
2026-06-01 04:35:40.299620: I tensorflow/core/kernels/data/shuffle_dataset_op.cc:483] Shuffle buffer filled.
/home/jcabrera@caos.uc3m.es/tfg-jimena/Codigo_graficas/graficas.py:82: UserWarning: Glyph 10024 (\N{SPARKLES}) missing from font(s) DejaVu Sans.
  plt.savefig(ruta_guardado, dpi=300, bbox_inches='tight')
/home/jcabrera@caos.uc3m.es/tfg-jimena/Codigo_graficas/graficas.py:164: UserWarning: Glyph 10024 (\N{SPARKLES}) missing from font(s) DejaVu Sans.
  plt.savefig(ruta_guardado, dpi=300, bbox_inches='tight')
