2026-06-04 10:46:02.563967: I tensorflow/core/util/port.cc:153] oneDNN custom operations are on. You may see slightly different numerical results due to floating-point round-off errors from different computation orders. To turn them off, set the environment variable `TF_ENABLE_ONEDNN_OPTS=0`.
2026-06-04 10:46:02.611133: I tensorflow/core/platform/cpu_feature_guard.cc:210] This TensorFlow binary is optimized to use available CPU instructions in performance-critical operations.
To enable the following instructions: SSE4.1 SSE4.2 AVX AVX2 AVX512F AVX512_VNNI AVX512_BF16 FMA, in other operations, rebuild TensorFlow with the appropriate compiler flags.
WARNING: All log messages before absl::InitializeLog() is called are written to STDERR
I0000 00:00:1780562784.613357 1610138 gpu_device.cc:2020] Created device /job:localhost/replica:0/task:0/device:GPU:0 with 43695 MB memory:  -> device: 0, name: NVIDIA A40, pci bus id: 0000:01:00.0, compute capability: 8.6
2026-06-04 10:46:59.170631: I tensorflow/core/kernels/data/shuffle_dataset_op.cc:453] ShuffleDatasetV3:8: Filling up shuffle buffer (this may take a while): 492 of 2000
2026-06-04 10:47:15.203437: I tensorflow/core/kernels/data/shuffle_dataset_op.cc:453] ShuffleDatasetV3:8: Filling up shuffle buffer (this may take a while): 989 of 2000
2026-06-04 10:47:48.343237: I tensorflow/core/kernels/data/shuffle_dataset_op.cc:453] ShuffleDatasetV3:8: Filling up shuffle buffer (this may take a while): 1983 of 2000
2026-06-04 10:47:48.583326: I tensorflow/core/kernels/data/shuffle_dataset_op.cc:483] Shuffle buffer filled.
2026-06-04 10:47:48.659551: I external/local_xla/xla/service/service.cc:163] XLA service 0x7334240034c0 initialized for platform CUDA (this does not guarantee that XLA will be used). Devices:
2026-06-04 10:47:48.659583: I external/local_xla/xla/service/service.cc:171]   StreamExecutor device (0): NVIDIA A40, Compute Capability 8.6
2026-06-04 10:47:49.010357: I tensorflow/compiler/mlir/tensorflow/utils/dump_mlir_util.cc:269] disabling MLIR crash reproducer, set env var `MLIR_CRASH_REPRODUCER_DIRECTORY` to enable.
2026-06-04 10:47:50.979309: I external/local_xla/xla/stream_executor/cuda/cuda_dnn.cc:473] Loaded cuDNN version 91700
2026-06-04 10:48:02.315984: E external/local_xla/xla/stream_executor/cuda/cuda_timer.cc:86] Delay kernel timed out: measured time has sub-optimal accuracy. There may be a missing warmup execution, please investigate in Nsight Systems.
2026-06-04 10:48:02.443242: E external/local_xla/xla/stream_executor/cuda/cuda_timer.cc:86] Delay kernel timed out: measured time has sub-optimal accuracy. There may be a missing warmup execution, please investigate in Nsight Systems.
2026-06-04 10:48:02.784310: E external/local_xla/xla/stream_executor/cuda/cuda_timer.cc:86] Delay kernel timed out: measured time has sub-optimal accuracy. There may be a missing warmup execution, please investigate in Nsight Systems.
2026-06-04 10:48:02.914158: E external/local_xla/xla/stream_executor/cuda/cuda_timer.cc:86] Delay kernel timed out: measured time has sub-optimal accuracy. There may be a missing warmup execution, please investigate in Nsight Systems.
2026-06-04 10:48:03.392867: E external/local_xla/xla/stream_executor/cuda/cuda_timer.cc:86] Delay kernel timed out: measured time has sub-optimal accuracy. There may be a missing warmup execution, please investigate in Nsight Systems.
2026-06-04 10:48:03.522714: E external/local_xla/xla/stream_executor/cuda/cuda_timer.cc:86] Delay kernel timed out: measured time has sub-optimal accuracy. There may be a missing warmup execution, please investigate in Nsight Systems.
2026-06-04 10:48:04.060543: E external/local_xla/xla/stream_executor/cuda/cuda_timer.cc:86] Delay kernel timed out: measured time has sub-optimal accuracy. There may be a missing warmup execution, please investigate in Nsight Systems.
2026-06-04 10:48:04.206683: E external/local_xla/xla/stream_executor/cuda/cuda_timer.cc:86] Delay kernel timed out: measured time has sub-optimal accuracy. There may be a missing warmup execution, please investigate in Nsight Systems.
I0000 00:00:1780562892.484427 1610175 device_compiler.h:196] Compiled cluster using XLA!  This line is logged at most once for the lifetime of the process.
2026-06-04 11:17:31.556166: E external/local_xla/xla/stream_executor/cuda/cuda_timer.cc:86] Delay kernel timed out: measured time has sub-optimal accuracy. There may be a missing warmup execution, please investigate in Nsight Systems.
2026-06-04 11:17:31.681268: E external/local_xla/xla/stream_executor/cuda/cuda_timer.cc:86] Delay kernel timed out: measured time has sub-optimal accuracy. There may be a missing warmup execution, please investigate in Nsight Systems.
2026-06-04 11:17:31.998843: E external/local_xla/xla/stream_executor/cuda/cuda_timer.cc:86] Delay kernel timed out: measured time has sub-optimal accuracy. There may be a missing warmup execution, please investigate in Nsight Systems.
2026-06-04 11:17:32.128846: E external/local_xla/xla/stream_executor/cuda/cuda_timer.cc:86] Delay kernel timed out: measured time has sub-optimal accuracy. There may be a missing warmup execution, please investigate in Nsight Systems.
2026-06-04 11:17:32.602880: E external/local_xla/xla/stream_executor/cuda/cuda_timer.cc:86] Delay kernel timed out: measured time has sub-optimal accuracy. There may be a missing warmup execution, please investigate in Nsight Systems.
2026-06-04 11:17:32.733000: E external/local_xla/xla/stream_executor/cuda/cuda_timer.cc:86] Delay kernel timed out: measured time has sub-optimal accuracy. There may be a missing warmup execution, please investigate in Nsight Systems.
2026-06-04 11:17:33.261744: E external/local_xla/xla/stream_executor/cuda/cuda_timer.cc:86] Delay kernel timed out: measured time has sub-optimal accuracy. There may be a missing warmup execution, please investigate in Nsight Systems.
2026-06-04 11:17:33.408289: E external/local_xla/xla/stream_executor/cuda/cuda_timer.cc:86] Delay kernel timed out: measured time has sub-optimal accuracy. There may be a missing warmup execution, please investigate in Nsight Systems.
2026-06-04 11:21:45.797026: E external/local_xla/xla/stream_executor/cuda/cuda_timer.cc:86] Delay kernel timed out: measured time has sub-optimal accuracy. There may be a missing warmup execution, please investigate in Nsight Systems.
2026-06-04 11:21:45.922548: E external/local_xla/xla/stream_executor/cuda/cuda_timer.cc:86] Delay kernel timed out: measured time has sub-optimal accuracy. There may be a missing warmup execution, please investigate in Nsight Systems.
2026-06-04 11:21:46.274904: E external/local_xla/xla/stream_executor/cuda/cuda_timer.cc:86] Delay kernel timed out: measured time has sub-optimal accuracy. There may be a missing warmup execution, please investigate in Nsight Systems.
2026-06-04 11:21:46.412160: E external/local_xla/xla/stream_executor/cuda/cuda_timer.cc:86] Delay kernel timed out: measured time has sub-optimal accuracy. There may be a missing warmup execution, please investigate in Nsight Systems.
2026-06-04 11:21:47.007197: E external/local_xla/xla/stream_executor/cuda/cuda_timer.cc:86] Delay kernel timed out: measured time has sub-optimal accuracy. There may be a missing warmup execution, please investigate in Nsight Systems.
2026-06-04 11:21:47.144240: E external/local_xla/xla/stream_executor/cuda/cuda_timer.cc:86] Delay kernel timed out: measured time has sub-optimal accuracy. There may be a missing warmup execution, please investigate in Nsight Systems.
2026-06-04 11:21:47.808312: E external/local_xla/xla/stream_executor/cuda/cuda_timer.cc:86] Delay kernel timed out: measured time has sub-optimal accuracy. There may be a missing warmup execution, please investigate in Nsight Systems.
2026-06-04 11:21:47.969697: E external/local_xla/xla/stream_executor/cuda/cuda_timer.cc:86] Delay kernel timed out: measured time has sub-optimal accuracy. There may be a missing warmup execution, please investigate in Nsight Systems.
2026-06-04 11:22:05.036801: I tensorflow/core/kernels/data/shuffle_dataset_op.cc:453] ShuffleDatasetV3:8: Filling up shuffle buffer (this may take a while): 1312 of 2000
2026-06-04 11:22:11.616799: I tensorflow/core/kernels/data/shuffle_dataset_op.cc:483] Shuffle buffer filled.
2026-06-04 11:55:48.024613: I tensorflow/core/kernels/data/shuffle_dataset_op.cc:453] ShuffleDatasetV3:8: Filling up shuffle buffer (this may take a while): 1375 of 2000
2026-06-04 11:55:53.194764: I tensorflow/core/kernels/data/shuffle_dataset_op.cc:483] Shuffle buffer filled.
2026-06-04 12:29:20.356688: I tensorflow/core/kernels/data/shuffle_dataset_op.cc:453] ShuffleDatasetV3:8: Filling up shuffle buffer (this may take a while): 1260 of 2000
2026-06-04 12:29:26.497910: I tensorflow/core/kernels/data/shuffle_dataset_op.cc:483] Shuffle buffer filled.
2026-06-04 13:02:47.398459: I tensorflow/core/kernels/data/shuffle_dataset_op.cc:453] ShuffleDatasetV3:8: Filling up shuffle buffer (this may take a while): 1301 of 2000
2026-06-04 13:02:53.821482: I tensorflow/core/kernels/data/shuffle_dataset_op.cc:483] Shuffle buffer filled.
2026-06-04 13:36:27.606653: I tensorflow/core/kernels/data/shuffle_dataset_op.cc:453] ShuffleDatasetV3:8: Filling up shuffle buffer (this may take a while): 1377 of 2000
2026-06-04 13:36:33.172136: I tensorflow/core/kernels/data/shuffle_dataset_op.cc:483] Shuffle buffer filled.
2026-06-04 14:10:07.432601: I tensorflow/core/kernels/data/shuffle_dataset_op.cc:453] ShuffleDatasetV3:8: Filling up shuffle buffer (this may take a while): 1313 of 2000
2026-06-04 14:10:13.730103: I tensorflow/core/kernels/data/shuffle_dataset_op.cc:483] Shuffle buffer filled.
2026-06-04 14:43:44.020632: I tensorflow/core/kernels/data/shuffle_dataset_op.cc:453] ShuffleDatasetV3:8: Filling up shuffle buffer (this may take a while): 1213 of 2000
2026-06-04 14:43:51.025591: I tensorflow/core/kernels/data/shuffle_dataset_op.cc:483] Shuffle buffer filled.
2026-06-04 15:17:21.748501: I tensorflow/core/kernels/data/shuffle_dataset_op.cc:453] ShuffleDatasetV3:8: Filling up shuffle buffer (this may take a while): 1383 of 2000
2026-06-04 15:17:27.449631: I tensorflow/core/kernels/data/shuffle_dataset_op.cc:483] Shuffle buffer filled.
2026-06-04 15:50:57.210601: I tensorflow/core/kernels/data/shuffle_dataset_op.cc:453] ShuffleDatasetV3:8: Filling up shuffle buffer (this may take a while): 1295 of 2000
2026-06-04 15:51:03.480180: I tensorflow/core/kernels/data/shuffle_dataset_op.cc:483] Shuffle buffer filled.
2026-06-04 16:24:25.013139: I tensorflow/core/kernels/data/shuffle_dataset_op.cc:453] ShuffleDatasetV3:8: Filling up shuffle buffer (this may take a while): 1403 of 2000
2026-06-04 16:24:29.992948: I tensorflow/core/kernels/data/shuffle_dataset_op.cc:483] Shuffle buffer filled.
2026-06-04 16:58:04.025510: I tensorflow/core/kernels/data/shuffle_dataset_op.cc:453] ShuffleDatasetV3:8: Filling up shuffle buffer (this may take a while): 1356 of 2000
2026-06-04 16:58:10.212549: I tensorflow/core/kernels/data/shuffle_dataset_op.cc:483] Shuffle buffer filled.
2026-06-04 17:31:34.835624: I tensorflow/core/kernels/data/shuffle_dataset_op.cc:453] ShuffleDatasetV3:8: Filling up shuffle buffer (this may take a while): 1116 of 2000
2026-06-04 17:31:42.794729: I tensorflow/core/kernels/data/shuffle_dataset_op.cc:483] Shuffle buffer filled.
2026-06-04 18:05:23.603858: I tensorflow/core/kernels/data/shuffle_dataset_op.cc:453] ShuffleDatasetV3:8: Filling up shuffle buffer (this may take a while): 1079 of 2000
2026-06-04 18:05:31.931699: I tensorflow/core/kernels/data/shuffle_dataset_op.cc:483] Shuffle buffer filled.
2026-06-04 18:38:45.831113: I tensorflow/core/kernels/data/shuffle_dataset_op.cc:453] ShuffleDatasetV3:8: Filling up shuffle buffer (this may take a while): 1105 of 2000
2026-06-04 18:38:53.947329: I tensorflow/core/kernels/data/shuffle_dataset_op.cc:483] Shuffle buffer filled.
2026-06-04 19:12:24.696626: I tensorflow/core/kernels/data/shuffle_dataset_op.cc:453] ShuffleDatasetV3:8: Filling up shuffle buffer (this may take a while): 1151 of 2000
2026-06-04 19:12:32.226224: I tensorflow/core/kernels/data/shuffle_dataset_op.cc:483] Shuffle buffer filled.
2026-06-04 19:45:36.184639: I tensorflow/core/kernels/data/shuffle_dataset_op.cc:453] ShuffleDatasetV3:8: Filling up shuffle buffer (this may take a while): 1124 of 2000
2026-06-04 19:45:43.910898: I tensorflow/core/kernels/data/shuffle_dataset_op.cc:483] Shuffle buffer filled.
2026-06-04 20:18:59.918978: I tensorflow/core/kernels/data/shuffle_dataset_op.cc:453] ShuffleDatasetV3:8: Filling up shuffle buffer (this may take a while): 1125 of 2000
2026-06-04 20:19:07.525065: I tensorflow/core/kernels/data/shuffle_dataset_op.cc:483] Shuffle buffer filled.
2026-06-04 20:52:33.345998: I tensorflow/core/kernels/data/shuffle_dataset_op.cc:453] ShuffleDatasetV3:8: Filling up shuffle buffer (this may take a while): 1119 of 2000
2026-06-04 20:52:41.158743: I tensorflow/core/kernels/data/shuffle_dataset_op.cc:483] Shuffle buffer filled.
2026-06-04 21:26:55.032612: I tensorflow/core/kernels/data/shuffle_dataset_op.cc:453] ShuffleDatasetV3:8: Filling up shuffle buffer (this may take a while): 1147 of 2000
2026-06-04 21:27:02.575666: I tensorflow/core/kernels/data/shuffle_dataset_op.cc:483] Shuffle buffer filled.
2026-06-04 22:01:08.026660: I tensorflow/core/kernels/data/shuffle_dataset_op.cc:453] ShuffleDatasetV3:8: Filling up shuffle buffer (this may take a while): 1181 of 2000
2026-06-04 22:01:14.998370: I tensorflow/core/kernels/data/shuffle_dataset_op.cc:483] Shuffle buffer filled.
2026-06-04 22:02:17.261551: E external/local_xla/xla/service/slow_operation_alarm.cc:73] Trying algorithm eng4{} for conv (f32[16,96,1,1]{3,2,1,0}, u8[0]{0}) custom-call(f32[16,2304,1,1]{3,2,1,0}, f32[96,2304,1,1]{3,2,1,0}), window={size=1x1}, dim_labels=bf01_oi01->bf01, custom_call_target="__cudnn$convForward", backend_config={"operation_queue_id":"0","wait_on_operation_queues":[],"cudnn_conv_backend_config":{"activation_mode":"kNone","conv_result_scale":1,"side_input_scale":0,"leakyrelu_alpha":0},"force_earliest_schedule":false,"reification_cost":[]} is taking a while...
2026-06-04 22:02:17.500794: E external/local_xla/xla/service/slow_operation_alarm.cc:140] The operation took 1.205606271s
Trying algorithm eng4{} for conv (f32[16,96,1,1]{3,2,1,0}, u8[0]{0}) custom-call(f32[16,2304,1,1]{3,2,1,0}, f32[96,2304,1,1]{3,2,1,0}), window={size=1x1}, dim_labels=bf01_oi01->bf01, custom_call_target="__cudnn$convForward", backend_config={"operation_queue_id":"0","wait_on_operation_queues":[],"cudnn_conv_backend_config":{"activation_mode":"kNone","conv_result_scale":1,"side_input_scale":0,"leakyrelu_alpha":0},"force_earliest_schedule":false,"reification_cost":[]} is taking a while...
2026-06-04 22:41:46.910634: I tensorflow/core/kernels/data/shuffle_dataset_op.cc:453] ShuffleDatasetV3:8: Filling up shuffle buffer (this may take a while): 1075 of 2000
2026-06-04 22:41:54.448280: I tensorflow/core/kernels/data/shuffle_dataset_op.cc:483] Shuffle buffer filled.
2026-06-04 23:20:42.609192: I tensorflow/core/kernels/data/shuffle_dataset_op.cc:453] ShuffleDatasetV3:8: Filling up shuffle buffer (this may take a while): 1119 of 2000
2026-06-04 23:20:50.363625: I tensorflow/core/kernels/data/shuffle_dataset_op.cc:483] Shuffle buffer filled.
2026-06-04 23:59:32.682533: I tensorflow/core/kernels/data/shuffle_dataset_op.cc:453] ShuffleDatasetV3:8: Filling up shuffle buffer (this may take a while): 1174 of 2000
2026-06-04 23:59:39.590095: I tensorflow/core/kernels/data/shuffle_dataset_op.cc:483] Shuffle buffer filled.
2026-06-05 00:38:25.611625: I tensorflow/core/kernels/data/shuffle_dataset_op.cc:453] ShuffleDatasetV3:8: Filling up shuffle buffer (this may take a while): 1226 of 2000
2026-06-05 00:38:32.224669: I tensorflow/core/kernels/data/shuffle_dataset_op.cc:483] Shuffle buffer filled.
2026-06-05 01:17:23.300989: I tensorflow/core/kernels/data/shuffle_dataset_op.cc:453] ShuffleDatasetV3:8: Filling up shuffle buffer (this may take a while): 1175 of 2000
2026-06-05 01:17:30.434871: I tensorflow/core/kernels/data/shuffle_dataset_op.cc:483] Shuffle buffer filled.
