🚀 Iniciando job: 2442
📅 Fecha: Sat May 30 05:12:58 PM UTC 2026
🖥️  Nodo: portobelo
🎮 GPU: NVIDIA L40S
NVIDIA L40S
NVIDIA L40S
TRAIN → /home/jcabrera@caos.uc3m.es/tfg-jimena/Training
TEST  → /home/jcabrera@caos.uc3m.es/tfg-jimena/Testing
⚠️  Borrando Training y Testing...
🎯 Listo!
TRAIN → /home/jcabrera@caos.uc3m.es/tfg-jimena/Training
TEST  → /home/jcabrera@caos.uc3m.es/tfg-jimena/Testing
CSV → /home/jcabrera@caos.uc3m.es/repositorio/DMD/acciones/*.csv
CARA  → /home/jcabrera@caos.uc3m.es/repositorio/DMD/cara
CUERPO → /home/jcabrera@caos.uc3m.es/repositorio/DMD/cuerpo
--- Iniciando copia de archivos ---
Número de acciones a procesar:  12 

Creando carpetas destino...
Carpetas creadas


-------------------- Realizando copia de archivos --------------------
Completado: gZ_33_s3_2019-04-04T15;06;45+02;00_
Completado: gZ_34_s3_2019-04-04T10;08;05+02;00_
Completado: gZ_33_s3_2019-04-04T09;33;20+02;00_
Completado: gZ_32_s3_2019-04-04T15;19;41+02;00_
Completado: gZ_34_s3_2019-04-04T15;33;18+02;00_
Completado: gA_1_s3_2019-03-14T14;31;08+01;00_
Completado: gA_2_s3_2019-03-13T09;23;42+01;00_
Completado: gA_3_s3_2019-03-13T09;41;01+01;00_
Completado: gA_4_s3_2019-03-13T11;00;49+01;00_
Completado: gZ_33_s1_2019-04-08T10;08;19+02;00_
Completado: gZ_33_s1_2019-04-08T16;18;54+02;00_
Completado: gA_5_s3_2019-03-13T09;10;35+01;00_
Completado: gZ_34_s1_2019-04-08T12;25;28+02;00_
Completado: gB_6_s3_2019-03-13T13;41;02+01;00_
Completado: gZ_34_s1_2019-04-08T16;55;42+02;00_
  Procesados: 10/145 CSVs
Completado: gA_1_s1_2019-03-08T09;31;15+01;00_
Completado: gA_2_s1_2019-03-08T10;01;44+01;00_
Completado: gB_7_s3_2019-03-13T13;59;54+01;00_
Completado: gA_3_s1_2019-03-08T10;27;38+01;00_
Completado: gB_8_s3_2019-03-13T14;13;40+01;00_
Completado: gZ_32_s4_2019-04-03T10;08;29+02;00_
Completado: gA_4_s1_2019-03-13T10;36;15+01;00_
Completado: gA_5_s1_2019-03-08T10;57;00+01;00_
Completado: gB_9_s3_2019-03-07T16;29;41+01;00_
Completado: gB_10_s3_2019-03-13T14;22;40+01;00_
Completado: gB_10_s3_2019-03-12T10;40;46+01;00_
Completado: gZ_34_s2_2019-04-08T12;14;28+02;00_
  Procesados: 20/145 CSVs
Completado: gC_11_s3_2019-03-12T10;15;32+01;00_
Completado: gZ_34_s2_2019-04-08T16;46;54+02;00_
Completado: gC_12_s3_2019-03-14T10;00;44+01;00_
Completado: gZ_33_s4_2019-04-02T09;08;46+02;00_
Completado: gC_13_s3_2019-03-12T10;06;34+01;00_
Completado: gB_7_s1_2019-03-11T14;22;01+01;00_
Completado: gB_6_s1_2019-03-11T13;55;14+01;00_
Completado: gC_14_s3_2019-03-12T09;23;37+01;00_
Completado: gZ_33_s4_2019-04-03T09;22;03+02;00_
Completado: gC_15_s3_2019-03-12T11;08;06+01;00_
Completado: gB_8_s1_2019-03-11T15;01;33+01;00_
Completado: gA_1_s2_2019-03-08T09;21;03+01;00_
  Procesados: 30/145 CSVs
Completado: gE_26_s3_2019-03-15T09;38;23+01;00_
Completado: gB_10_s1_2019-03-11T15;24;54+01;00_
Completado: gB_9_s1_2019-03-07T16;36;24+01;00_
Completado: gC_11_s1_2019-03-04T09;33;18+01;00_
Completado: gC_13_s4_2019-03-25T10;09;22+01;00_
Completado: gA_3_s2_2019-03-08T10;16;48+01;00_
  Procesados: 40/145 CSVs
Completado: gC_12_s1_2019-03-13T10;23;45+01;00_
Completado: gC_13_s1_2019-03-04T10;26;12+01;00_
Completado: gE_29_s3_2019-03-15T13;54;40+01;00_
Completado: gE_30_s3_2019-03-15T10;56;02+01;00_
Completado: gA_5_s2_2019-03-08T10;46;46+01;00_
Completado: gA_2_s2_2019-03-08T09;50;49+01;00_
Completado: gZ_34_s4_2019-04-02T10;01;53+02;00_
Completado: gZ_34_s4_2019-04-03T09;47;42+02;00_
Completado: gF_21_s3_2019-03-11T09;46;15+01;00_
Completado: gC_14_s1_2019-03-04T11;56;20+01;00_
Completado: gA_2_s4_2019-03-22T09;15;55+01;00_
  Procesados: 50/145 CSVs
Completado: gF_21_s3_2019-03-14T14;06;16+01;00_
Completado: gA_1_s4_2019-03-22T11;49;58+01;00_
Completado: gA_4_s2_2019-03-13T10;43;06+01;00_
Completado: gC_15_s1_2019-03-04T11;24;57+01;00_
Completado: gE_26_s1_2019-03-15T09;25;24+01;00_
Completado: gE_27_s1_2019-03-07T13;14;28+01;00_
Completado: gA_3_s4_2019-03-22T10;15;27+01;00_
Completado: gZ_33_s2_2019-04-08T09;59;25+02;00_
  Procesados: 60/145 CSVs
Completado: gB_7_s2_2019-03-11T14;12;25+01;00_
Completado: gB_8_s2_2019-03-11T14;38;44+01;00_
Completado: gZ_32_s4_2019-04-02T09;38;13+02;00_
Completado: gE_28_s1_2019-03-15T10;23;30+01;00_
Completado: gE_29_s1_2019-03-15T13;58;00+01;00_
Completado: gB_9_s2_2019-03-07T16;21;20+01;00_
Completado: gA_4_s4_2019-03-25T11;44;29+01;00_
  Procesados: 70/145 CSVs
Completado: gE_30_s1_2019-03-15T10;58;06+01;00_
Completado: gF_21_s1_2019-03-04T14;16;57+01;00_
Completado: gF_21_s1_2019-03-05T09;48;30+01;00_
Completado: gB_9_s4_2019-03-22T09;43;35+01;00_
Completado: gB_6_s2_2019-03-11T13;46;14+01;00_
Completado: gB_6_s4_2019-03-20T13;42;00+01;00_
Completado: gC_11_s2_2019-03-04T09;25;33+01;00_
Completado: gA_5_s4_2019-03-22T11;28;00+01;00_
Completado: gC_11_s4_2019-03-21T09;09;11+01;00_
Completado: gB_7_s4_2019-03-22T10;42;09+01;00_
  Procesados: 80/145 CSVs
Completado: gC_13_s2_2019-03-04T10;11;37+01;00_
Completado: gC_12_s2_2019-03-13T10;14;41+01;00_
Completado: gE_27_s1_2019-03-07T13;18;37+01;00_
Completado: gC_12_s4_2019-03-21T09;33;21+01;00_
Completado: gC_13_s4_2019-03-25T10;02;04+01;00_
Completado: gB_8_s4_2019-03-20T14;39;41+01;00_
Completado: gC_14_s2_2019-03-04T11;48;02+01;00_
Completado: gC_15_s2_2019-03-04T11;14;58+01;00_
Completado: gB_10_s2_2019-03-11T15;15;21+01;00_
  Procesados: 90/145 CSVs
Completado: gE_26_s2_2019-03-15T09;15;51+01;00_
Completado: gE_27_s2_2019-03-07T13;05;11+01;00_
Completado: gE_30_s2_2019-03-15T10;43;40+01;00_
Completado: gE_29_s2_2019-03-15T13;42;24+01;00_
Completado: gF_21_s2_2019-03-04T14;22;16+01;00_
Completado: gF_21_s2_2019-03-05T09;38;00+01;00_
Completado: gC_15_s4_2019-03-20T15;47;21+01;00_
Completado: gF_22_s1_2019-03-04T14;54;55+01;00_
Completado: gF_22_s1_2019-04-09T11;57;30+02;00_
Completado: gE_28_s4_2019-03-21T10;19;50+01;00_
Completado: gF_22_s3_2019-04-09T11;55;31+02;00_
Completado: gF_22_s3_2019-04-29T10;06;23+02;00_
Completado: gE_28_s2_2019-03-15T10;12;30+01;00_
Completado: gF_23_s1_2019-03-04T16;21;10+01;00_
Completado: gF_21_s4_2019-03-20T09;34;44+01;00_
Completado: gZ_33_s2_2019-04-08T16;09;44+02;00_
  Procesados: 100/145 CSVs
Completado: gF_21_s4_2019-03-25T14;05;08+01;00_
Completado: gF_22_s2_2019-03-04T14;47;01+01;00_
Completado: gF_23_s1_2019-03-05T09;23;45+01;00_
Completado: gF_23_s3_2019-03-11T09;31;59+01;00_
Completado: gF_23_s1_2019-03-05T10;17;36+01;00_
Completado: gF_23_s3_2019-03-14T13;54;34+01;00_
Completado: gF_22_s2_2019-04-09T11;41;13+02;00_
Completado: gF_24_s1_2019-03-04T15;26;10+01;00_
Completado: gF_24_s1_2019-03-05T10;45;51+01;00_
Completado: gF_22_s4_2019-03-20T09;53;15+01;00_
Completado: gF_24_s3_2019-03-11T09;59;10+01;00_
Completado: gF_23_s2_2019-03-04T16;09;26+01;00_
Completado: gF_24_s3_2019-03-14T14;16;50+01;00_
Completado: gF_23_s2_2019-03-05T10;09;12+01;00_
Completado: gF_22_s4_2019-03-25T14;22;00+01;00_
  Procesados: 110/145 CSVs
Completado: gF_24_s2_2019-03-04T15;18;34+01;00_
  Procesados: 120/145 CSVs
Completado: gF_25_s3_2019-03-11T10;11;14+01;00_
Completado: gF_24_s2_2019-03-05T10;38;25+01;00_
Completado: gF_25_s1_2019-03-05T11;09;25+01;00_
Completado: gF_25_s1_2019-03-04T15;53;22+01;00_
Completado: gF_25_s3_2019-03-14T14;42;40+01;00_
Completado: gF_25_s2_2019-03-04T15;44;45+01;00_
Completado: gF_24_s4_2019-03-20T10;12;08+01;00_
Completado: gF_25_s2_2019-03-05T11;00;55+01;00_
Completado: gZ_31_s1_2019-04-08T09;48;48+02;00_
Completado: gF_24_s4_2019-03-25T14;55;37+01;00_
  Procesados: 130/145 CSVs
Completado: gZ_31_s3_2019-04-04T09;22;00+02;00_
Completado: gZ_31_s3_2019-04-04T14;50;47+02;00_
Completado: gZ_32_s1_2019-04-08T16;35;53+02;00_
Completado: gZ_31_s2_2019-04-08T09;35;25+02;00_
Completado: gZ_31_s1_2019-04-08T15;31;35+02;00_
Completado: gF_25_s4_2019-03-20T10;29;08+01;00_
Completado: gZ_32_s3_2019-04-04T09;52;12+02;00_
Completado: gZ_32_s1_2019-04-08T12;01;26+02;00_
Completado: gF_25_s4_2019-03-25T15;15;22+01;00_
Completado: gZ_31_s2_2019-04-08T15;21;41+02;00_
Completado: gZ_32_s2_2019-04-08T11;53;07+02;00_
Completado: gZ_31_s4_2019-04-03T09;04;29+02;00_
  Procesados: 140/145 CSVs
Completado: gZ_32_s2_2019-04-08T16;28;10+02;00_



-------------------- Proceso de organización terminado --------------------
Tiempo total: 120.2 minutos
---------- TEST ----------
CARPETA: safe_drive, LONGITUD: 410308
CARPETA: phonecall_left, LONGITUD: 149546
CARPETA: phonecall_right, LONGITUD: 134628
CARPETA: reach_side, LONGITUD: 126220
CARPETA: texting_right, LONGITUD: 59072
CARPETA: texting_left, LONGITUD: 54654
CARPETA: hair_and_makeup, LONGITUD: 47278
CARPETA: drinking, LONGITUD: 36866
CARPETA: radio, LONGITUD: 25552
CARPETA: talking_to_passenger, LONGITUD: 22350
CARPETA: change_gear, LONGITUD: 11580
CARPETA: reach_backseat, LONGITUD: 10610
TOTAL = 1088664 


---------- TRAIN ----------
CARPETA: safe_drive, LONGITUD: 520656
CARPETA: phonecall_left, LONGITUD: 178894
CARPETA: phonecall_right, LONGITUD: 171816
CARPETA: reach_side, LONGITUD: 167838
CARPETA: texting_right, LONGITUD: 69196
CARPETA: texting_left, LONGITUD: 68820
CARPETA: hair_and_makeup, LONGITUD: 67916
CARPETA: drinking, LONGITUD: 51408
CARPETA: radio, LONGITUD: 31736
CARPETA: talking_to_passenger, LONGITUD: 18176
CARPETA: change_gear, LONGITUD: 19870
CARPETA: reach_backseat, LONGITUD: 13390
TOTAL = 1379716 


Job finalizado: Sat May 30 07:16:11 PM UTC 2026
