2026-06-02 12:16:54.515402: I tensorflow/core/util/port.cc:153] oneDNN custom operations are on. You may see slightly different numerical results due to floating-point round-off errors from different computation orders. To turn them off, set the environment variable `TF_ENABLE_ONEDNN_OPTS=0`.
2026-06-02 12:16:54.562213: I tensorflow/core/platform/cpu_feature_guard.cc:210] This TensorFlow binary is optimized to use available CPU instructions in performance-critical operations.
To enable the following instructions: SSE4.1 SSE4.2 AVX AVX2 AVX512F AVX512_VNNI AVX512_BF16 FMA, in other operations, rebuild TensorFlow with the appropriate compiler flags.
WARNING: All log messages before absl::InitializeLog() is called are written to STDERR
I0000 00:00:1780395430.625520 1566383 gpu_device.cc:2020] Created device /job:localhost/replica:0/task:0/device:GPU:0 with 43695 MB memory:  -> device: 0, name: NVIDIA A40, pci bus id: 0000:01:00.0, compute capability: 8.6
2026-06-02 12:17:44.770205: I tensorflow/core/kernels/data/shuffle_dataset_op.cc:453] ShuffleDatasetV3:8: Filling up shuffle buffer (this may take a while): 492 of 2000
2026-06-02 12:17:59.344086: I tensorflow/core/kernels/data/shuffle_dataset_op.cc:453] ShuffleDatasetV3:8: Filling up shuffle buffer (this may take a while): 989 of 2000
2026-06-02 12:18:28.521562: I tensorflow/core/kernels/data/shuffle_dataset_op.cc:453] ShuffleDatasetV3:8: Filling up shuffle buffer (this may take a while): 1983 of 2000
2026-06-02 12:18:28.693294: I tensorflow/core/kernels/data/shuffle_dataset_op.cc:483] Shuffle buffer filled.
2026-06-02 12:18:28.700626: I external/local_xla/xla/service/service.cc:163] XLA service 0x78f4a421bb80 initialized for platform CUDA (this does not guarantee that XLA will be used). Devices:
2026-06-02 12:18:28.700645: I external/local_xla/xla/service/service.cc:171]   StreamExecutor device (0): NVIDIA A40, Compute Capability 8.6
2026-06-02 12:18:29.067997: I tensorflow/compiler/mlir/tensorflow/utils/dump_mlir_util.cc:269] disabling MLIR crash reproducer, set env var `MLIR_CRASH_REPRODUCER_DIRECTORY` to enable.
2026-06-02 12:18:30.870408: I external/local_xla/xla/stream_executor/cuda/cuda_dnn.cc:473] Loaded cuDNN version 91700
2026-06-02 12:18:37.015285: E external/local_xla/xla/stream_executor/cuda/cuda_timer.cc:86] Delay kernel timed out: measured time has sub-optimal accuracy. There may be a missing warmup execution, please investigate in Nsight Systems.
2026-06-02 12:18:37.142558: E external/local_xla/xla/stream_executor/cuda/cuda_timer.cc:86] Delay kernel timed out: measured time has sub-optimal accuracy. There may be a missing warmup execution, please investigate in Nsight Systems.
2026-06-02 12:18:37.484111: E external/local_xla/xla/stream_executor/cuda/cuda_timer.cc:86] Delay kernel timed out: measured time has sub-optimal accuracy. There may be a missing warmup execution, please investigate in Nsight Systems.
2026-06-02 12:18:37.614114: E external/local_xla/xla/stream_executor/cuda/cuda_timer.cc:86] Delay kernel timed out: measured time has sub-optimal accuracy. There may be a missing warmup execution, please investigate in Nsight Systems.
2026-06-02 12:18:38.093358: E external/local_xla/xla/stream_executor/cuda/cuda_timer.cc:86] Delay kernel timed out: measured time has sub-optimal accuracy. There may be a missing warmup execution, please investigate in Nsight Systems.
2026-06-02 12:18:38.223349: E external/local_xla/xla/stream_executor/cuda/cuda_timer.cc:86] Delay kernel timed out: measured time has sub-optimal accuracy. There may be a missing warmup execution, please investigate in Nsight Systems.
2026-06-02 12:18:38.762479: E external/local_xla/xla/stream_executor/cuda/cuda_timer.cc:86] Delay kernel timed out: measured time has sub-optimal accuracy. There may be a missing warmup execution, please investigate in Nsight Systems.
2026-06-02 12:18:38.908951: E external/local_xla/xla/stream_executor/cuda/cuda_timer.cc:86] Delay kernel timed out: measured time has sub-optimal accuracy. There may be a missing warmup execution, please investigate in Nsight Systems.
I0000 00:00:1780395527.615863 1566426 device_compiler.h:196] Compiled cluster using XLA!  This line is logged at most once for the lifetime of the process.
2026-06-02 12:48:59.402675: E external/local_xla/xla/stream_executor/cuda/cuda_timer.cc:86] Delay kernel timed out: measured time has sub-optimal accuracy. There may be a missing warmup execution, please investigate in Nsight Systems.
2026-06-02 12:48:59.523771: E external/local_xla/xla/stream_executor/cuda/cuda_timer.cc:86] Delay kernel timed out: measured time has sub-optimal accuracy. There may be a missing warmup execution, please investigate in Nsight Systems.
2026-06-02 12:48:59.814224: E external/local_xla/xla/stream_executor/cuda/cuda_timer.cc:86] Delay kernel timed out: measured time has sub-optimal accuracy. There may be a missing warmup execution, please investigate in Nsight Systems.
2026-06-02 12:48:59.939002: E external/local_xla/xla/stream_executor/cuda/cuda_timer.cc:86] Delay kernel timed out: measured time has sub-optimal accuracy. There may be a missing warmup execution, please investigate in Nsight Systems.
2026-06-02 12:49:00.382444: E external/local_xla/xla/stream_executor/cuda/cuda_timer.cc:86] Delay kernel timed out: measured time has sub-optimal accuracy. There may be a missing warmup execution, please investigate in Nsight Systems.
2026-06-02 12:49:00.507240: E external/local_xla/xla/stream_executor/cuda/cuda_timer.cc:86] Delay kernel timed out: measured time has sub-optimal accuracy. There may be a missing warmup execution, please investigate in Nsight Systems.
2026-06-02 12:49:00.972561: E external/local_xla/xla/stream_executor/cuda/cuda_timer.cc:86] Delay kernel timed out: measured time has sub-optimal accuracy. There may be a missing warmup execution, please investigate in Nsight Systems.
2026-06-02 12:49:01.109346: E external/local_xla/xla/stream_executor/cuda/cuda_timer.cc:86] Delay kernel timed out: measured time has sub-optimal accuracy. There may be a missing warmup execution, please investigate in Nsight Systems.
2026-06-02 12:53:20.410080: E external/local_xla/xla/stream_executor/cuda/cuda_timer.cc:86] Delay kernel timed out: measured time has sub-optimal accuracy. There may be a missing warmup execution, please investigate in Nsight Systems.
2026-06-02 12:53:20.533283: E external/local_xla/xla/stream_executor/cuda/cuda_timer.cc:86] Delay kernel timed out: measured time has sub-optimal accuracy. There may be a missing warmup execution, please investigate in Nsight Systems.
2026-06-02 12:53:20.836704: E external/local_xla/xla/stream_executor/cuda/cuda_timer.cc:86] Delay kernel timed out: measured time has sub-optimal accuracy. There may be a missing warmup execution, please investigate in Nsight Systems.
2026-06-02 12:53:20.967161: E external/local_xla/xla/stream_executor/cuda/cuda_timer.cc:86] Delay kernel timed out: measured time has sub-optimal accuracy. There may be a missing warmup execution, please investigate in Nsight Systems.
2026-06-02 12:53:21.422351: E external/local_xla/xla/stream_executor/cuda/cuda_timer.cc:86] Delay kernel timed out: measured time has sub-optimal accuracy. There may be a missing warmup execution, please investigate in Nsight Systems.
2026-06-02 12:53:21.552658: E external/local_xla/xla/stream_executor/cuda/cuda_timer.cc:86] Delay kernel timed out: measured time has sub-optimal accuracy. There may be a missing warmup execution, please investigate in Nsight Systems.
2026-06-02 12:53:22.044399: E external/local_xla/xla/stream_executor/cuda/cuda_timer.cc:86] Delay kernel timed out: measured time has sub-optimal accuracy. There may be a missing warmup execution, please investigate in Nsight Systems.
2026-06-02 12:53:22.191771: E external/local_xla/xla/stream_executor/cuda/cuda_timer.cc:86] Delay kernel timed out: measured time has sub-optimal accuracy. There may be a missing warmup execution, please investigate in Nsight Systems.
2026-06-02 12:53:36.746621: I tensorflow/core/kernels/data/shuffle_dataset_op.cc:453] ShuffleDatasetV3:8: Filling up shuffle buffer (this may take a while): 1306 of 2000
2026-06-02 12:53:42.047855: I tensorflow/core/kernels/data/shuffle_dataset_op.cc:483] Shuffle buffer filled.
2026-06-02 13:29:04.245192: I tensorflow/core/kernels/data/shuffle_dataset_op.cc:453] ShuffleDatasetV3:8: Filling up shuffle buffer (this may take a while): 1267 of 2000
2026-06-02 13:29:10.224654: I tensorflow/core/kernels/data/shuffle_dataset_op.cc:483] Shuffle buffer filled.
2026-06-02 14:05:12.223936: I tensorflow/core/kernels/data/shuffle_dataset_op.cc:453] ShuffleDatasetV3:8: Filling up shuffle buffer (this may take a while): 1128 of 2000
2026-06-02 14:05:19.588195: I tensorflow/core/kernels/data/shuffle_dataset_op.cc:483] Shuffle buffer filled.
2026-06-02 14:51:15.404392: I tensorflow/core/kernels/data/shuffle_dataset_op.cc:453] ShuffleDatasetV3:8: Filling up shuffle buffer (this may take a while): 1236 of 2000
2026-06-02 14:51:21.916924: I tensorflow/core/kernels/data/shuffle_dataset_op.cc:483] Shuffle buffer filled.
2026-06-02 15:56:49.672718: I tensorflow/core/kernels/data/shuffle_dataset_op.cc:453] ShuffleDatasetV3:8: Filling up shuffle buffer (this may take a while): 1158 of 2000
2026-06-02 15:56:57.004592: I tensorflow/core/kernels/data/shuffle_dataset_op.cc:483] Shuffle buffer filled.
2026-06-02 17:02:31.500462: I tensorflow/core/kernels/data/shuffle_dataset_op.cc:453] ShuffleDatasetV3:8: Filling up shuffle buffer (this may take a while): 1252 of 2000
2026-06-02 17:02:38.000021: I tensorflow/core/kernels/data/shuffle_dataset_op.cc:483] Shuffle buffer filled.
2026-06-02 18:08:12.389671: I tensorflow/core/kernels/data/shuffle_dataset_op.cc:453] ShuffleDatasetV3:8: Filling up shuffle buffer (this may take a while): 1167 of 2000
2026-06-02 18:08:19.577518: I tensorflow/core/kernels/data/shuffle_dataset_op.cc:483] Shuffle buffer filled.
2026-06-02 19:12:22.686854: I tensorflow/core/kernels/data/shuffle_dataset_op.cc:453] ShuffleDatasetV3:8: Filling up shuffle buffer (this may take a while): 1004 of 2000
2026-06-02 19:12:32.680824: I tensorflow/core/kernels/data/shuffle_dataset_op.cc:483] Shuffle buffer filled.
2026-06-02 20:12:03.055627: I tensorflow/core/kernels/data/shuffle_dataset_op.cc:453] ShuffleDatasetV3:8: Filling up shuffle buffer (this may take a while): 1319 of 2000
2026-06-02 20:12:08.229368: I tensorflow/core/kernels/data/shuffle_dataset_op.cc:483] Shuffle buffer filled.
2026-06-02 21:03:31.099610: I tensorflow/core/kernels/data/shuffle_dataset_op.cc:453] ShuffleDatasetV3:8: Filling up shuffle buffer (this may take a while): 1264 of 2000
2026-06-02 21:03:37.123768: I tensorflow/core/kernels/data/shuffle_dataset_op.cc:483] Shuffle buffer filled.
2026-06-02 21:49:09.916079: I tensorflow/core/kernels/data/shuffle_dataset_op.cc:453] ShuffleDatasetV3:8: Filling up shuffle buffer (this may take a while): 1174 of 2000
2026-06-02 21:49:16.944767: I tensorflow/core/kernels/data/shuffle_dataset_op.cc:483] Shuffle buffer filled.
2026-06-02 22:48:30.025729: I tensorflow/core/kernels/data/shuffle_dataset_op.cc:453] ShuffleDatasetV3:8: Filling up shuffle buffer (this may take a while): 1175 of 2000
2026-06-02 22:48:37.090533: I tensorflow/core/kernels/data/shuffle_dataset_op.cc:483] Shuffle buffer filled.
2026-06-02 23:54:32.966870: I tensorflow/core/kernels/data/shuffle_dataset_op.cc:453] ShuffleDatasetV3:8: Filling up shuffle buffer (this may take a while): 1164 of 2000
2026-06-02 23:54:40.163641: I tensorflow/core/kernels/data/shuffle_dataset_op.cc:483] Shuffle buffer filled.
2026-06-03 01:00:25.433982: I tensorflow/core/kernels/data/shuffle_dataset_op.cc:453] ShuffleDatasetV3:8: Filling up shuffle buffer (this may take a while): 1260 of 2000
2026-06-03 01:00:31.874610: I tensorflow/core/kernels/data/shuffle_dataset_op.cc:483] Shuffle buffer filled.
2026-06-03 02:05:59.751916: I tensorflow/core/kernels/data/shuffle_dataset_op.cc:453] ShuffleDatasetV3:8: Filling up shuffle buffer (this may take a while): 1199 of 2000
2026-06-03 02:06:06.374623: I tensorflow/core/kernels/data/shuffle_dataset_op.cc:483] Shuffle buffer filled.
2026-06-03 03:11:14.519588: I tensorflow/core/kernels/data/shuffle_dataset_op.cc:453] ShuffleDatasetV3:8: Filling up shuffle buffer (this may take a while): 1228 of 2000
2026-06-03 03:11:20.404310: I tensorflow/core/kernels/data/shuffle_dataset_op.cc:483] Shuffle buffer filled.
2026-06-03 04:16:30.278849: I tensorflow/core/kernels/data/shuffle_dataset_op.cc:453] ShuffleDatasetV3:8: Filling up shuffle buffer (this may take a while): 1164 of 2000
2026-06-03 04:16:37.499649: I tensorflow/core/kernels/data/shuffle_dataset_op.cc:483] Shuffle buffer filled.
2026-06-03 05:21:50.308981: I tensorflow/core/kernels/data/shuffle_dataset_op.cc:453] ShuffleDatasetV3:8: Filling up shuffle buffer (this may take a while): 1149 of 2000
2026-06-03 05:21:57.671651: I tensorflow/core/kernels/data/shuffle_dataset_op.cc:483] Shuffle buffer filled.
2026-06-03 06:27:04.357075: I tensorflow/core/kernels/data/shuffle_dataset_op.cc:453] ShuffleDatasetV3:8: Filling up shuffle buffer (this may take a while): 1106 of 2000
2026-06-03 06:27:13.073134: I tensorflow/core/kernels/data/shuffle_dataset_op.cc:483] Shuffle buffer filled.
2026-06-03 07:32:02.334836: I tensorflow/core/kernels/data/shuffle_dataset_op.cc:453] ShuffleDatasetV3:8: Filling up shuffle buffer (this may take a while): 1310 of 2000
2026-06-03 07:32:07.576764: I tensorflow/core/kernels/data/shuffle_dataset_op.cc:483] Shuffle buffer filled.
2026-06-03 08:44:15.757270: I tensorflow/core/kernels/data/shuffle_dataset_op.cc:453] ShuffleDatasetV3:8: Filling up shuffle buffer (this may take a while): 1126 of 2000
2026-06-03 08:44:24.489463: I tensorflow/core/kernels/data/shuffle_dataset_op.cc:483] Shuffle buffer filled.
2026-06-03 09:55:46.220641: I tensorflow/core/kernels/data/shuffle_dataset_op.cc:453] ShuffleDatasetV3:8: Filling up shuffle buffer (this may take a while): 1188 of 2000
2026-06-03 09:55:53.089521: I tensorflow/core/kernels/data/shuffle_dataset_op.cc:483] Shuffle buffer filled.
2026-06-03 11:06:56.172646: I tensorflow/core/kernels/data/shuffle_dataset_op.cc:453] ShuffleDatasetV3:8: Filling up shuffle buffer (this may take a while): 1179 of 2000
2026-06-03 11:07:03.141034: I tensorflow/core/kernels/data/shuffle_dataset_op.cc:483] Shuffle buffer filled.
2026-06-03 12:18:15.459252: I tensorflow/core/kernels/data/shuffle_dataset_op.cc:453] ShuffleDatasetV3:8: Filling up shuffle buffer (this may take a while): 1219 of 2000
2026-06-03 12:18:21.512966: I tensorflow/core/kernels/data/shuffle_dataset_op.cc:483] Shuffle buffer filled.
2026-06-03 13:19:11.998476: I tensorflow/core/kernels/data/shuffle_dataset_op.cc:453] ShuffleDatasetV3:8: Filling up shuffle buffer (this may take a while): 1181 of 2000
2026-06-03 13:19:19.224891: I tensorflow/core/kernels/data/shuffle_dataset_op.cc:483] Shuffle buffer filled.
2026-06-03 14:29:52.935840: I tensorflow/core/kernels/data/shuffle_dataset_op.cc:453] ShuffleDatasetV3:8: Filling up shuffle buffer (this may take a while): 1240 of 2000
2026-06-03 14:29:59.457761: I tensorflow/core/kernels/data/shuffle_dataset_op.cc:483] Shuffle buffer filled.
2026-06-03 15:40:10.168057: I tensorflow/core/kernels/data/shuffle_dataset_op.cc:453] ShuffleDatasetV3:8: Filling up shuffle buffer (this may take a while): 1156 of 2000
2026-06-03 15:40:17.436302: I tensorflow/core/kernels/data/shuffle_dataset_op.cc:483] Shuffle buffer filled.
2026-06-03 16:50:36.372299: I tensorflow/core/kernels/data/shuffle_dataset_op.cc:453] ShuffleDatasetV3:8: Filling up shuffle buffer (this may take a while): 1192 of 2000
2026-06-03 16:50:43.436779: I tensorflow/core/kernels/data/shuffle_dataset_op.cc:483] Shuffle buffer filled.
2026-06-03 18:01:01.947289: I tensorflow/core/kernels/data/shuffle_dataset_op.cc:453] ShuffleDatasetV3:8: Filling up shuffle buffer (this may take a while): 1203 of 2000
2026-06-03 18:01:08.015785: I tensorflow/core/kernels/data/shuffle_dataset_op.cc:483] Shuffle buffer filled.
/home/jcabrera@caos.uc3m.es/tfg-jimena/Codigo_graficas/graficas.py:82: UserWarning: Glyph 10024 (\N{SPARKLES}) missing from font(s) DejaVu Sans.
  plt.savefig(ruta_guardado, dpi=300, bbox_inches='tight')
/home/jcabrera@caos.uc3m.es/tfg-jimena/Codigo_graficas/graficas.py:164: UserWarning: Glyph 10024 (\N{SPARKLES}) missing from font(s) DejaVu Sans.
  plt.savefig(ruta_guardado, dpi=300, bbox_inches='tight')
