GPUs disponibles: [PhysicalDevice(name='/physical_device:GPU:0', device_type='GPU')]
Found 1379716 files belonging to 12 classes.
Using 1241745 files for training.
Found 1379716 files belonging to 12 classes.
Using 137971 files for validation.
Found 1088666 files belonging to 12 classes.

Datasets listos 🚀

📊 Resumen del modelo:
Model: "functional"
┏━━━━━━━━━━━━━━━━━━━━━━━━━━━━━━━┳━━━━━━━━━━━━━━━━━━━━━━━━━━━┳━━━━━━━━━━━━━━━━━┳━━━━━━━━━━━━━━━━━━━━━━━━━━━━┓
┃ Layer (type)                  ┃ Output Shape              ┃         Param # ┃ Connected to               ┃
┡━━━━━━━━━━━━━━━━━━━━━━━━━━━━━━━╇━━━━━━━━━━━━━━━━━━━━━━━━━━━╇━━━━━━━━━━━━━━━━━╇━━━━━━━━━━━━━━━━━━━━━━━━━━━━┩
│ input_layer (InputLayer)      │ (None, 224, 224, 3)       │               0 │ -                          │
├───────────────────────────────┼───────────────────────────┼─────────────────┼────────────────────────────┤
│ Conv1 (Conv2D)                │ (None, 112, 112, 32)      │             864 │ input_layer[0][0]          │
├───────────────────────────────┼───────────────────────────┼─────────────────┼────────────────────────────┤
│ bn_Conv1 (BatchNormalization) │ (None, 112, 112, 32)      │             128 │ Conv1[0][0]                │
├───────────────────────────────┼───────────────────────────┼─────────────────┼────────────────────────────┤
│ Conv1_relu (ReLU)             │ (None, 112, 112, 32)      │               0 │ bn_Conv1[0][0]             │
├───────────────────────────────┼───────────────────────────┼─────────────────┼────────────────────────────┤
│ expanded_conv_depthwise       │ (None, 112, 112, 32)      │             288 │ Conv1_relu[0][0]           │
│ (DepthwiseConv2D)             │                           │                 │                            │
├───────────────────────────────┼───────────────────────────┼─────────────────┼────────────────────────────┤
│ expanded_conv_depthwise_BN    │ (None, 112, 112, 32)      │             128 │ expanded_conv_depthwise[0… │
│ (BatchNormalization)          │                           │                 │                            │
├───────────────────────────────┼───────────────────────────┼─────────────────┼────────────────────────────┤
│ expanded_conv_depthwise_relu  │ (None, 112, 112, 32)      │               0 │ expanded_conv_depthwise_B… │
│ (ReLU)                        │                           │                 │                            │
├───────────────────────────────┼───────────────────────────┼─────────────────┼────────────────────────────┤
│ expanded_conv_project         │ (None, 112, 112, 16)      │             512 │ expanded_conv_depthwise_r… │
│ (Conv2D)                      │                           │                 │                            │
├───────────────────────────────┼───────────────────────────┼─────────────────┼────────────────────────────┤
│ expanded_conv_project_BN      │ (None, 112, 112, 16)      │              64 │ expanded_conv_project[0][… │
│ (BatchNormalization)          │                           │                 │                            │
├───────────────────────────────┼───────────────────────────┼─────────────────┼────────────────────────────┤
│ block_1_expand (Conv2D)       │ (None, 112, 112, 96)      │           1,536 │ expanded_conv_project_BN[… │
├───────────────────────────────┼───────────────────────────┼─────────────────┼────────────────────────────┤
│ block_1_expand_BN             │ (None, 112, 112, 96)      │             384 │ block_1_expand[0][0]       │
│ (BatchNormalization)          │                           │                 │                            │
├───────────────────────────────┼───────────────────────────┼─────────────────┼────────────────────────────┤
│ block_1_expand_relu (ReLU)    │ (None, 112, 112, 96)      │               0 │ block_1_expand_BN[0][0]    │
├───────────────────────────────┼───────────────────────────┼─────────────────┼────────────────────────────┤
│ block_1_pad (ZeroPadding2D)   │ (None, 113, 113, 96)      │               0 │ block_1_expand_relu[0][0]  │
├───────────────────────────────┼───────────────────────────┼─────────────────┼────────────────────────────┤
│ block_1_depthwise             │ (None, 56, 56, 96)        │             864 │ block_1_pad[0][0]          │
│ (DepthwiseConv2D)             │                           │                 │                            │
├───────────────────────────────┼───────────────────────────┼─────────────────┼────────────────────────────┤
│ block_1_depthwise_BN          │ (None, 56, 56, 96)        │             384 │ block_1_depthwise[0][0]    │
│ (BatchNormalization)          │                           │                 │                            │
├───────────────────────────────┼───────────────────────────┼─────────────────┼────────────────────────────┤
│ block_1_depthwise_relu (ReLU) │ (None, 56, 56, 96)        │               0 │ block_1_depthwise_BN[0][0] │
├───────────────────────────────┼───────────────────────────┼─────────────────┼────────────────────────────┤
│ block_1_project (Conv2D)      │ (None, 56, 56, 24)        │           2,304 │ block_1_depthwise_relu[0]… │
├───────────────────────────────┼───────────────────────────┼─────────────────┼────────────────────────────┤
│ block_1_project_BN            │ (None, 56, 56, 24)        │              96 │ block_1_project[0][0]      │
│ (BatchNormalization)          │                           │                 │                            │
├───────────────────────────────┼───────────────────────────┼─────────────────┼────────────────────────────┤
│ block_2_expand (Conv2D)       │ (None, 56, 56, 144)       │           3,456 │ block_1_project_BN[0][0]   │
├───────────────────────────────┼───────────────────────────┼─────────────────┼────────────────────────────┤
│ block_2_expand_BN             │ (None, 56, 56, 144)       │             576 │ block_2_expand[0][0]       │
│ (BatchNormalization)          │                           │                 │                            │
├───────────────────────────────┼───────────────────────────┼─────────────────┼────────────────────────────┤
│ block_2_expand_relu (ReLU)    │ (None, 56, 56, 144)       │               0 │ block_2_expand_BN[0][0]    │
├───────────────────────────────┼───────────────────────────┼─────────────────┼────────────────────────────┤
│ block_2_depthwise             │ (None, 56, 56, 144)       │           1,296 │ block_2_expand_relu[0][0]  │
│ (DepthwiseConv2D)             │                           │                 │                            │
├───────────────────────────────┼───────────────────────────┼─────────────────┼────────────────────────────┤
│ block_2_depthwise_BN          │ (None, 56, 56, 144)       │             576 │ block_2_depthwise[0][0]    │
│ (BatchNormalization)          │                           │                 │                            │
├───────────────────────────────┼───────────────────────────┼─────────────────┼────────────────────────────┤
│ block_2_depthwise_relu (ReLU) │ (None, 56, 56, 144)       │               0 │ block_2_depthwise_BN[0][0] │
├───────────────────────────────┼───────────────────────────┼─────────────────┼────────────────────────────┤
│ block_2_project (Conv2D)      │ (None, 56, 56, 24)        │           3,456 │ block_2_depthwise_relu[0]… │
├───────────────────────────────┼───────────────────────────┼─────────────────┼────────────────────────────┤
│ block_2_project_BN            │ (None, 56, 56, 24)        │              96 │ block_2_project[0][0]      │
│ (BatchNormalization)          │                           │                 │                            │
├───────────────────────────────┼───────────────────────────┼─────────────────┼────────────────────────────┤
│ block_2_add (Add)             │ (None, 56, 56, 24)        │               0 │ block_1_project_BN[0][0],  │
│                               │                           │                 │ block_2_project_BN[0][0]   │
├───────────────────────────────┼───────────────────────────┼─────────────────┼────────────────────────────┤
│ block_3_expand (Conv2D)       │ (None, 56, 56, 144)       │           3,456 │ block_2_add[0][0]          │
├───────────────────────────────┼───────────────────────────┼─────────────────┼────────────────────────────┤
│ block_3_expand_BN             │ (None, 56, 56, 144)       │             576 │ block_3_expand[0][0]       │
│ (BatchNormalization)          │                           │                 │                            │
├───────────────────────────────┼───────────────────────────┼─────────────────┼────────────────────────────┤
│ block_3_expand_relu (ReLU)    │ (None, 56, 56, 144)       │               0 │ block_3_expand_BN[0][0]    │
├───────────────────────────────┼───────────────────────────┼─────────────────┼────────────────────────────┤
│ block_3_pad (ZeroPadding2D)   │ (None, 57, 57, 144)       │               0 │ block_3_expand_relu[0][0]  │
├───────────────────────────────┼───────────────────────────┼─────────────────┼────────────────────────────┤
│ block_3_depthwise             │ (None, 28, 28, 144)       │           1,296 │ block_3_pad[0][0]          │
│ (DepthwiseConv2D)             │                           │                 │                            │
├───────────────────────────────┼───────────────────────────┼─────────────────┼────────────────────────────┤
│ block_3_depthwise_BN          │ (None, 28, 28, 144)       │             576 │ block_3_depthwise[0][0]    │
│ (BatchNormalization)          │                           │                 │                            │
├───────────────────────────────┼───────────────────────────┼─────────────────┼────────────────────────────┤
│ block_3_depthwise_relu (ReLU) │ (None, 28, 28, 144)       │               0 │ block_3_depthwise_BN[0][0] │
├───────────────────────────────┼───────────────────────────┼─────────────────┼────────────────────────────┤
│ block_3_project (Conv2D)      │ (None, 28, 28, 32)        │           4,608 │ block_3_depthwise_relu[0]… │
├───────────────────────────────┼───────────────────────────┼─────────────────┼────────────────────────────┤
│ block_3_project_BN            │ (None, 28, 28, 32)        │             128 │ block_3_project[0][0]      │
│ (BatchNormalization)          │                           │                 │                            │
├───────────────────────────────┼───────────────────────────┼─────────────────┼────────────────────────────┤
│ block_4_expand (Conv2D)       │ (None, 28, 28, 192)       │           6,144 │ block_3_project_BN[0][0]   │
├───────────────────────────────┼───────────────────────────┼─────────────────┼────────────────────────────┤
│ block_4_expand_BN             │ (None, 28, 28, 192)       │             768 │ block_4_expand[0][0]       │
│ (BatchNormalization)          │                           │                 │                            │
├───────────────────────────────┼───────────────────────────┼─────────────────┼────────────────────────────┤
│ block_4_expand_relu (ReLU)    │ (None, 28, 28, 192)       │               0 │ block_4_expand_BN[0][0]    │
├───────────────────────────────┼───────────────────────────┼─────────────────┼────────────────────────────┤
│ block_4_depthwise             │ (None, 28, 28, 192)       │           1,728 │ block_4_expand_relu[0][0]  │
│ (DepthwiseConv2D)             │                           │                 │                            │
├───────────────────────────────┼───────────────────────────┼─────────────────┼────────────────────────────┤
│ block_4_depthwise_BN          │ (None, 28, 28, 192)       │             768 │ block_4_depthwise[0][0]    │
│ (BatchNormalization)          │                           │                 │                            │
├───────────────────────────────┼───────────────────────────┼─────────────────┼────────────────────────────┤
│ block_4_depthwise_relu (ReLU) │ (None, 28, 28, 192)       │               0 │ block_4_depthwise_BN[0][0] │
├───────────────────────────────┼───────────────────────────┼─────────────────┼────────────────────────────┤
│ block_4_project (Conv2D)      │ (None, 28, 28, 32)        │           6,144 │ block_4_depthwise_relu[0]… │
├───────────────────────────────┼───────────────────────────┼─────────────────┼────────────────────────────┤
│ block_4_project_BN            │ (None, 28, 28, 32)        │             128 │ block_4_project[0][0]      │
│ (BatchNormalization)          │                           │                 │                            │
├───────────────────────────────┼───────────────────────────┼─────────────────┼────────────────────────────┤
│ block_4_add (Add)             │ (None, 28, 28, 32)        │               0 │ block_3_project_BN[0][0],  │
│                               │                           │                 │ block_4_project_BN[0][0]   │
├───────────────────────────────┼───────────────────────────┼─────────────────┼────────────────────────────┤
│ block_5_expand (Conv2D)       │ (None, 28, 28, 192)       │           6,144 │ block_4_add[0][0]          │
├───────────────────────────────┼───────────────────────────┼─────────────────┼────────────────────────────┤
│ block_5_expand_BN             │ (None, 28, 28, 192)       │             768 │ block_5_expand[0][0]       │
│ (BatchNormalization)          │                           │                 │                            │
├───────────────────────────────┼───────────────────────────┼─────────────────┼────────────────────────────┤
│ block_5_expand_relu (ReLU)    │ (None, 28, 28, 192)       │               0 │ block_5_expand_BN[0][0]    │
├───────────────────────────────┼───────────────────────────┼─────────────────┼────────────────────────────┤
│ block_5_depthwise             │ (None, 28, 28, 192)       │           1,728 │ block_5_expand_relu[0][0]  │
│ (DepthwiseConv2D)             │                           │                 │                            │
├───────────────────────────────┼───────────────────────────┼─────────────────┼────────────────────────────┤
│ block_5_depthwise_BN          │ (None, 28, 28, 192)       │             768 │ block_5_depthwise[0][0]    │
│ (BatchNormalization)          │                           │                 │                            │
├───────────────────────────────┼───────────────────────────┼─────────────────┼────────────────────────────┤
│ block_5_depthwise_relu (ReLU) │ (None, 28, 28, 192)       │               0 │ block_5_depthwise_BN[0][0] │
├───────────────────────────────┼───────────────────────────┼─────────────────┼────────────────────────────┤
│ block_5_project (Conv2D)      │ (None, 28, 28, 32)        │           6,144 │ block_5_depthwise_relu[0]… │
├───────────────────────────────┼───────────────────────────┼─────────────────┼────────────────────────────┤
│ block_5_project_BN            │ (None, 28, 28, 32)        │             128 │ block_5_project[0][0]      │
│ (BatchNormalization)          │                           │                 │                            │
├───────────────────────────────┼───────────────────────────┼─────────────────┼────────────────────────────┤
│ block_5_add (Add)             │ (None, 28, 28, 32)        │               0 │ block_4_add[0][0],         │
│                               │                           │                 │ block_5_project_BN[0][0]   │
├───────────────────────────────┼───────────────────────────┼─────────────────┼────────────────────────────┤
│ block_6_expand (Conv2D)       │ (None, 28, 28, 192)       │           6,144 │ block_5_add[0][0]          │
├───────────────────────────────┼───────────────────────────┼─────────────────┼────────────────────────────┤
│ block_6_expand_BN             │ (None, 28, 28, 192)       │             768 │ block_6_expand[0][0]       │
│ (BatchNormalization)          │                           │                 │                            │
├───────────────────────────────┼───────────────────────────┼─────────────────┼────────────────────────────┤
│ block_6_expand_relu (ReLU)    │ (None, 28, 28, 192)       │               0 │ block_6_expand_BN[0][0]    │
├───────────────────────────────┼───────────────────────────┼─────────────────┼────────────────────────────┤
│ block_6_pad (ZeroPadding2D)   │ (None, 29, 29, 192)       │               0 │ block_6_expand_relu[0][0]  │
├───────────────────────────────┼───────────────────────────┼─────────────────┼────────────────────────────┤
│ block_6_depthwise             │ (None, 14, 14, 192)       │           1,728 │ block_6_pad[0][0]          │
│ (DepthwiseConv2D)             │                           │                 │                            │
├───────────────────────────────┼───────────────────────────┼─────────────────┼────────────────────────────┤
│ block_6_depthwise_BN          │ (None, 14, 14, 192)       │             768 │ block_6_depthwise[0][0]    │
│ (BatchNormalization)          │                           │                 │                            │
├───────────────────────────────┼───────────────────────────┼─────────────────┼────────────────────────────┤
│ block_6_depthwise_relu (ReLU) │ (None, 14, 14, 192)       │               0 │ block_6_depthwise_BN[0][0] │
├───────────────────────────────┼───────────────────────────┼─────────────────┼────────────────────────────┤
│ block_6_project (Conv2D)      │ (None, 14, 14, 64)        │          12,288 │ block_6_depthwise_relu[0]… │
├───────────────────────────────┼───────────────────────────┼─────────────────┼────────────────────────────┤
│ block_6_project_BN            │ (None, 14, 14, 64)        │             256 │ block_6_project[0][0]      │
│ (BatchNormalization)          │                           │                 │                            │
├───────────────────────────────┼───────────────────────────┼─────────────────┼────────────────────────────┤
│ block_7_expand (Conv2D)       │ (None, 14, 14, 384)       │          24,576 │ block_6_project_BN[0][0]   │
├───────────────────────────────┼───────────────────────────┼─────────────────┼────────────────────────────┤
│ block_7_expand_BN             │ (None, 14, 14, 384)       │           1,536 │ block_7_expand[0][0]       │
│ (BatchNormalization)          │                           │                 │                            │
├───────────────────────────────┼───────────────────────────┼─────────────────┼────────────────────────────┤
│ block_7_expand_relu (ReLU)    │ (None, 14, 14, 384)       │               0 │ block_7_expand_BN[0][0]    │
├───────────────────────────────┼───────────────────────────┼─────────────────┼────────────────────────────┤
│ block_7_depthwise             │ (None, 14, 14, 384)       │           3,456 │ block_7_expand_relu[0][0]  │
│ (DepthwiseConv2D)             │                           │                 │                            │
├───────────────────────────────┼───────────────────────────┼─────────────────┼────────────────────────────┤
│ block_7_depthwise_BN          │ (None, 14, 14, 384)       │           1,536 │ block_7_depthwise[0][0]    │
│ (BatchNormalization)          │                           │                 │                            │
├───────────────────────────────┼───────────────────────────┼─────────────────┼────────────────────────────┤
│ block_7_depthwise_relu (ReLU) │ (None, 14, 14, 384)       │               0 │ block_7_depthwise_BN[0][0] │
├───────────────────────────────┼───────────────────────────┼─────────────────┼────────────────────────────┤
│ block_7_project (Conv2D)      │ (None, 14, 14, 64)        │          24,576 │ block_7_depthwise_relu[0]… │
├───────────────────────────────┼───────────────────────────┼─────────────────┼────────────────────────────┤
│ block_7_project_BN            │ (None, 14, 14, 64)        │             256 │ block_7_project[0][0]      │
│ (BatchNormalization)          │                           │                 │                            │
├───────────────────────────────┼───────────────────────────┼─────────────────┼────────────────────────────┤
│ block_7_add (Add)             │ (None, 14, 14, 64)        │               0 │ block_6_project_BN[0][0],  │
│                               │                           │                 │ block_7_project_BN[0][0]   │
├───────────────────────────────┼───────────────────────────┼─────────────────┼────────────────────────────┤
│ block_8_expand (Conv2D)       │ (None, 14, 14, 384)       │          24,576 │ block_7_add[0][0]          │
├───────────────────────────────┼───────────────────────────┼─────────────────┼────────────────────────────┤
│ block_8_expand_BN             │ (None, 14, 14, 384)       │           1,536 │ block_8_expand[0][0]       │
│ (BatchNormalization)          │                           │                 │                            │
├───────────────────────────────┼───────────────────────────┼─────────────────┼────────────────────────────┤
│ block_8_expand_relu (ReLU)    │ (None, 14, 14, 384)       │               0 │ block_8_expand_BN[0][0]    │
├───────────────────────────────┼───────────────────────────┼─────────────────┼────────────────────────────┤
│ block_8_depthwise             │ (None, 14, 14, 384)       │           3,456 │ block_8_expand_relu[0][0]  │
│ (DepthwiseConv2D)             │                           │                 │                            │
├───────────────────────────────┼───────────────────────────┼─────────────────┼────────────────────────────┤
│ block_8_depthwise_BN          │ (None, 14, 14, 384)       │           1,536 │ block_8_depthwise[0][0]    │
│ (BatchNormalization)          │                           │                 │                            │
├───────────────────────────────┼───────────────────────────┼─────────────────┼────────────────────────────┤
│ block_8_depthwise_relu (ReLU) │ (None, 14, 14, 384)       │               0 │ block_8_depthwise_BN[0][0] │
├───────────────────────────────┼───────────────────────────┼─────────────────┼────────────────────────────┤
│ block_8_project (Conv2D)      │ (None, 14, 14, 64)        │          24,576 │ block_8_depthwise_relu[0]… │
├───────────────────────────────┼───────────────────────────┼─────────────────┼────────────────────────────┤
│ block_8_project_BN            │ (None, 14, 14, 64)        │             256 │ block_8_project[0][0]      │
│ (BatchNormalization)          │                           │                 │                            │
├───────────────────────────────┼───────────────────────────┼─────────────────┼────────────────────────────┤
│ block_8_add (Add)             │ (None, 14, 14, 64)        │               0 │ block_7_add[0][0],         │
│                               │                           │                 │ block_8_project_BN[0][0]   │
├───────────────────────────────┼───────────────────────────┼─────────────────┼────────────────────────────┤
│ block_9_expand (Conv2D)       │ (None, 14, 14, 384)       │          24,576 │ block_8_add[0][0]          │
├───────────────────────────────┼───────────────────────────┼─────────────────┼────────────────────────────┤
│ block_9_expand_BN             │ (None, 14, 14, 384)       │           1,536 │ block_9_expand[0][0]       │
│ (BatchNormalization)          │                           │                 │                            │
├───────────────────────────────┼───────────────────────────┼─────────────────┼────────────────────────────┤
│ block_9_expand_relu (ReLU)    │ (None, 14, 14, 384)       │               0 │ block_9_expand_BN[0][0]    │
├───────────────────────────────┼───────────────────────────┼─────────────────┼────────────────────────────┤
│ block_9_depthwise             │ (None, 14, 14, 384)       │           3,456 │ block_9_expand_relu[0][0]  │
│ (DepthwiseConv2D)             │                           │                 │                            │
├───────────────────────────────┼───────────────────────────┼─────────────────┼────────────────────────────┤
│ block_9_depthwise_BN          │ (None, 14, 14, 384)       │           1,536 │ block_9_depthwise[0][0]    │
│ (BatchNormalization)          │                           │                 │                            │
├───────────────────────────────┼───────────────────────────┼─────────────────┼────────────────────────────┤
│ block_9_depthwise_relu (ReLU) │ (None, 14, 14, 384)       │               0 │ block_9_depthwise_BN[0][0] │
├───────────────────────────────┼───────────────────────────┼─────────────────┼────────────────────────────┤
│ block_9_project (Conv2D)      │ (None, 14, 14, 64)        │          24,576 │ block_9_depthwise_relu[0]… │
├───────────────────────────────┼───────────────────────────┼─────────────────┼────────────────────────────┤
│ block_9_project_BN            │ (None, 14, 14, 64)        │             256 │ block_9_project[0][0]      │
│ (BatchNormalization)          │                           │                 │                            │
├───────────────────────────────┼───────────────────────────┼─────────────────┼────────────────────────────┤
│ block_9_add (Add)             │ (None, 14, 14, 64)        │               0 │ block_8_add[0][0],         │
│                               │                           │                 │ block_9_project_BN[0][0]   │
├───────────────────────────────┼───────────────────────────┼─────────────────┼────────────────────────────┤
│ block_10_expand (Conv2D)      │ (None, 14, 14, 384)       │          24,576 │ block_9_add[0][0]          │
├───────────────────────────────┼───────────────────────────┼─────────────────┼────────────────────────────┤
│ block_10_expand_BN            │ (None, 14, 14, 384)       │           1,536 │ block_10_expand[0][0]      │
│ (BatchNormalization)          │                           │                 │                            │
├───────────────────────────────┼───────────────────────────┼─────────────────┼────────────────────────────┤
│ block_10_expand_relu (ReLU)   │ (None, 14, 14, 384)       │               0 │ block_10_expand_BN[0][0]   │
├───────────────────────────────┼───────────────────────────┼─────────────────┼────────────────────────────┤
│ block_10_depthwise            │ (None, 14, 14, 384)       │           3,456 │ block_10_expand_relu[0][0] │
│ (DepthwiseConv2D)             │                           │                 │                            │
├───────────────────────────────┼───────────────────────────┼─────────────────┼────────────────────────────┤
│ block_10_depthwise_BN         │ (None, 14, 14, 384)       │           1,536 │ block_10_depthwise[0][0]   │
│ (BatchNormalization)          │                           │                 │                            │
├───────────────────────────────┼───────────────────────────┼─────────────────┼────────────────────────────┤
│ block_10_depthwise_relu       │ (None, 14, 14, 384)       │               0 │ block_10_depthwise_BN[0][… │
│ (ReLU)                        │                           │                 │                            │
├───────────────────────────────┼───────────────────────────┼─────────────────┼────────────────────────────┤
│ block_10_project (Conv2D)     │ (None, 14, 14, 96)        │          36,864 │ block_10_depthwise_relu[0… │
├───────────────────────────────┼───────────────────────────┼─────────────────┼────────────────────────────┤
│ block_10_project_BN           │ (None, 14, 14, 96)        │             384 │ block_10_project[0][0]     │
│ (BatchNormalization)          │                           │                 │                            │
├───────────────────────────────┼───────────────────────────┼─────────────────┼────────────────────────────┤
│ block_11_expand (Conv2D)      │ (None, 14, 14, 576)       │          55,296 │ block_10_project_BN[0][0]  │
├───────────────────────────────┼───────────────────────────┼─────────────────┼────────────────────────────┤
│ block_11_expand_BN            │ (None, 14, 14, 576)       │           2,304 │ block_11_expand[0][0]      │
│ (BatchNormalization)          │                           │                 │                            │
├───────────────────────────────┼───────────────────────────┼─────────────────┼────────────────────────────┤
│ block_11_expand_relu (ReLU)   │ (None, 14, 14, 576)       │               0 │ block_11_expand_BN[0][0]   │
├───────────────────────────────┼───────────────────────────┼─────────────────┼────────────────────────────┤
│ block_11_depthwise            │ (None, 14, 14, 576)       │           5,184 │ block_11_expand_relu[0][0] │
│ (DepthwiseConv2D)             │                           │                 │                            │
├───────────────────────────────┼───────────────────────────┼─────────────────┼────────────────────────────┤
│ block_11_depthwise_BN         │ (None, 14, 14, 576)       │           2,304 │ block_11_depthwise[0][0]   │
│ (BatchNormalization)          │                           │                 │                            │
├───────────────────────────────┼───────────────────────────┼─────────────────┼────────────────────────────┤
│ block_11_depthwise_relu       │ (None, 14, 14, 576)       │               0 │ block_11_depthwise_BN[0][… │
│ (ReLU)                        │                           │                 │                            │
├───────────────────────────────┼───────────────────────────┼─────────────────┼────────────────────────────┤
│ block_11_project (Conv2D)     │ (None, 14, 14, 96)        │          55,296 │ block_11_depthwise_relu[0… │
├───────────────────────────────┼───────────────────────────┼─────────────────┼────────────────────────────┤
│ block_11_project_BN           │ (None, 14, 14, 96)        │             384 │ block_11_project[0][0]     │
│ (BatchNormalization)          │                           │                 │                            │
├───────────────────────────────┼───────────────────────────┼─────────────────┼────────────────────────────┤
│ block_11_add (Add)            │ (None, 14, 14, 96)        │               0 │ block_10_project_BN[0][0], │
│                               │                           │                 │ block_11_project_BN[0][0]  │
├───────────────────────────────┼───────────────────────────┼─────────────────┼────────────────────────────┤
│ block_12_expand (Conv2D)      │ (None, 14, 14, 576)       │          55,296 │ block_11_add[0][0]         │
├───────────────────────────────┼───────────────────────────┼─────────────────┼────────────────────────────┤
│ block_12_expand_BN            │ (None, 14, 14, 576)       │           2,304 │ block_12_expand[0][0]      │
│ (BatchNormalization)          │                           │                 │                            │
├───────────────────────────────┼───────────────────────────┼─────────────────┼────────────────────────────┤
│ block_12_expand_relu (ReLU)   │ (None, 14, 14, 576)       │               0 │ block_12_expand_BN[0][0]   │
├───────────────────────────────┼───────────────────────────┼─────────────────┼────────────────────────────┤
│ block_12_depthwise            │ (None, 14, 14, 576)       │           5,184 │ block_12_expand_relu[0][0] │
│ (DepthwiseConv2D)             │                           │                 │                            │
├───────────────────────────────┼───────────────────────────┼─────────────────┼────────────────────────────┤
│ block_12_depthwise_BN         │ (None, 14, 14, 576)       │           2,304 │ block_12_depthwise[0][0]   │
│ (BatchNormalization)          │                           │                 │                            │
├───────────────────────────────┼───────────────────────────┼─────────────────┼────────────────────────────┤
│ block_12_depthwise_relu       │ (None, 14, 14, 576)       │               0 │ block_12_depthwise_BN[0][… │
│ (ReLU)                        │                           │                 │                            │
├───────────────────────────────┼───────────────────────────┼─────────────────┼────────────────────────────┤
│ block_12_project (Conv2D)     │ (None, 14, 14, 96)        │          55,296 │ block_12_depthwise_relu[0… │
├───────────────────────────────┼───────────────────────────┼─────────────────┼────────────────────────────┤
│ block_12_project_BN           │ (None, 14, 14, 96)        │             384 │ block_12_project[0][0]     │
│ (BatchNormalization)          │                           │                 │                            │
├───────────────────────────────┼───────────────────────────┼─────────────────┼────────────────────────────┤
│ block_12_add (Add)            │ (None, 14, 14, 96)        │               0 │ block_11_add[0][0],        │
│                               │                           │                 │ block_12_project_BN[0][0]  │
├───────────────────────────────┼───────────────────────────┼─────────────────┼────────────────────────────┤
│ block_13_expand (Conv2D)      │ (None, 14, 14, 576)       │          55,296 │ block_12_add[0][0]         │
├───────────────────────────────┼───────────────────────────┼─────────────────┼────────────────────────────┤
│ block_13_expand_BN            │ (None, 14, 14, 576)       │           2,304 │ block_13_expand[0][0]      │
│ (BatchNormalization)          │                           │                 │                            │
├───────────────────────────────┼───────────────────────────┼─────────────────┼────────────────────────────┤
│ block_13_expand_relu (ReLU)   │ (None, 14, 14, 576)       │               0 │ block_13_expand_BN[0][0]   │
├───────────────────────────────┼───────────────────────────┼─────────────────┼────────────────────────────┤
│ block_13_pad (ZeroPadding2D)  │ (None, 15, 15, 576)       │               0 │ block_13_expand_relu[0][0] │
├───────────────────────────────┼───────────────────────────┼─────────────────┼────────────────────────────┤
│ block_13_depthwise            │ (None, 7, 7, 576)         │           5,184 │ block_13_pad[0][0]         │
│ (DepthwiseConv2D)             │                           │                 │                            │
├───────────────────────────────┼───────────────────────────┼─────────────────┼────────────────────────────┤
│ block_13_depthwise_BN         │ (None, 7, 7, 576)         │           2,304 │ block_13_depthwise[0][0]   │
│ (BatchNormalization)          │                           │                 │                            │
├───────────────────────────────┼───────────────────────────┼─────────────────┼────────────────────────────┤
│ block_13_depthwise_relu       │ (None, 7, 7, 576)         │               0 │ block_13_depthwise_BN[0][… │
│ (ReLU)                        │                           │                 │                            │
├───────────────────────────────┼───────────────────────────┼─────────────────┼────────────────────────────┤
│ block_13_project (Conv2D)     │ (None, 7, 7, 160)         │          92,160 │ block_13_depthwise_relu[0… │
├───────────────────────────────┼───────────────────────────┼─────────────────┼────────────────────────────┤
│ block_13_project_BN           │ (None, 7, 7, 160)         │             640 │ block_13_project[0][0]     │
│ (BatchNormalization)          │                           │                 │                            │
├───────────────────────────────┼───────────────────────────┼─────────────────┼────────────────────────────┤
│ block_14_expand (Conv2D)      │ (None, 7, 7, 960)         │         153,600 │ block_13_project_BN[0][0]  │
├───────────────────────────────┼───────────────────────────┼─────────────────┼────────────────────────────┤
│ block_14_expand_BN            │ (None, 7, 7, 960)         │           3,840 │ block_14_expand[0][0]      │
│ (BatchNormalization)          │                           │                 │                            │
├───────────────────────────────┼───────────────────────────┼─────────────────┼────────────────────────────┤
│ block_14_expand_relu (ReLU)   │ (None, 7, 7, 960)         │               0 │ block_14_expand_BN[0][0]   │
├───────────────────────────────┼───────────────────────────┼─────────────────┼────────────────────────────┤
│ block_14_depthwise            │ (None, 7, 7, 960)         │           8,640 │ block_14_expand_relu[0][0] │
│ (DepthwiseConv2D)             │                           │                 │                            │
├───────────────────────────────┼───────────────────────────┼─────────────────┼────────────────────────────┤
│ block_14_depthwise_BN         │ (None, 7, 7, 960)         │           3,840 │ block_14_depthwise[0][0]   │
│ (BatchNormalization)          │                           │                 │                            │
├───────────────────────────────┼───────────────────────────┼─────────────────┼────────────────────────────┤
│ block_14_depthwise_relu       │ (None, 7, 7, 960)         │               0 │ block_14_depthwise_BN[0][… │
│ (ReLU)                        │                           │                 │                            │
├───────────────────────────────┼───────────────────────────┼─────────────────┼────────────────────────────┤
│ block_14_project (Conv2D)     │ (None, 7, 7, 160)         │         153,600 │ block_14_depthwise_relu[0… │
├───────────────────────────────┼───────────────────────────┼─────────────────┼────────────────────────────┤
│ block_14_project_BN           │ (None, 7, 7, 160)         │             640 │ block_14_project[0][0]     │
│ (BatchNormalization)          │                           │                 │                            │
├───────────────────────────────┼───────────────────────────┼─────────────────┼────────────────────────────┤
│ block_14_add (Add)            │ (None, 7, 7, 160)         │               0 │ block_13_project_BN[0][0], │
│                               │                           │                 │ block_14_project_BN[0][0]  │
├───────────────────────────────┼───────────────────────────┼─────────────────┼────────────────────────────┤
│ block_15_expand (Conv2D)      │ (None, 7, 7, 960)         │         153,600 │ block_14_add[0][0]         │
├───────────────────────────────┼───────────────────────────┼─────────────────┼────────────────────────────┤
│ block_15_expand_BN            │ (None, 7, 7, 960)         │           3,840 │ block_15_expand[0][0]      │
│ (BatchNormalization)          │                           │                 │                            │
├───────────────────────────────┼───────────────────────────┼─────────────────┼────────────────────────────┤
│ block_15_expand_relu (ReLU)   │ (None, 7, 7, 960)         │               0 │ block_15_expand_BN[0][0]   │
├───────────────────────────────┼───────────────────────────┼─────────────────┼────────────────────────────┤
│ block_15_depthwise            │ (None, 7, 7, 960)         │           8,640 │ block_15_expand_relu[0][0] │
│ (DepthwiseConv2D)             │                           │                 │                            │
├───────────────────────────────┼───────────────────────────┼─────────────────┼────────────────────────────┤
│ block_15_depthwise_BN         │ (None, 7, 7, 960)         │           3,840 │ block_15_depthwise[0][0]   │
│ (BatchNormalization)          │                           │                 │                            │
├───────────────────────────────┼───────────────────────────┼─────────────────┼────────────────────────────┤
│ block_15_depthwise_relu       │ (None, 7, 7, 960)         │               0 │ block_15_depthwise_BN[0][… │
│ (ReLU)                        │                           │                 │                            │
├───────────────────────────────┼───────────────────────────┼─────────────────┼────────────────────────────┤
│ block_15_project (Conv2D)     │ (None, 7, 7, 160)         │         153,600 │ block_15_depthwise_relu[0… │
├───────────────────────────────┼───────────────────────────┼─────────────────┼────────────────────────────┤
│ block_15_project_BN           │ (None, 7, 7, 160)         │             640 │ block_15_project[0][0]     │
│ (BatchNormalization)          │                           │                 │                            │
├───────────────────────────────┼───────────────────────────┼─────────────────┼────────────────────────────┤
│ block_15_add (Add)            │ (None, 7, 7, 160)         │               0 │ block_14_add[0][0],        │
│                               │                           │                 │ block_15_project_BN[0][0]  │
├───────────────────────────────┼───────────────────────────┼─────────────────┼────────────────────────────┤
│ block_16_expand (Conv2D)      │ (None, 7, 7, 960)         │         153,600 │ block_15_add[0][0]         │
├───────────────────────────────┼───────────────────────────┼─────────────────┼────────────────────────────┤
│ block_16_expand_BN            │ (None, 7, 7, 960)         │           3,840 │ block_16_expand[0][0]      │
│ (BatchNormalization)          │                           │                 │                            │
├───────────────────────────────┼───────────────────────────┼─────────────────┼────────────────────────────┤
│ block_16_expand_relu (ReLU)   │ (None, 7, 7, 960)         │               0 │ block_16_expand_BN[0][0]   │
├───────────────────────────────┼───────────────────────────┼─────────────────┼────────────────────────────┤
│ block_16_depthwise            │ (None, 7, 7, 960)         │           8,640 │ block_16_expand_relu[0][0] │
│ (DepthwiseConv2D)             │                           │                 │                            │
├───────────────────────────────┼───────────────────────────┼─────────────────┼────────────────────────────┤
│ block_16_depthwise_BN         │ (None, 7, 7, 960)         │           3,840 │ block_16_depthwise[0][0]   │
│ (BatchNormalization)          │                           │                 │                            │
├───────────────────────────────┼───────────────────────────┼─────────────────┼────────────────────────────┤
│ block_16_depthwise_relu       │ (None, 7, 7, 960)         │               0 │ block_16_depthwise_BN[0][… │
│ (ReLU)                        │                           │                 │                            │
├───────────────────────────────┼───────────────────────────┼─────────────────┼────────────────────────────┤
│ block_16_project (Conv2D)     │ (None, 7, 7, 320)         │         307,200 │ block_16_depthwise_relu[0… │
├───────────────────────────────┼───────────────────────────┼─────────────────┼────────────────────────────┤
│ block_16_project_BN           │ (None, 7, 7, 320)         │           1,280 │ block_16_project[0][0]     │
│ (BatchNormalization)          │                           │                 │                            │
├───────────────────────────────┼───────────────────────────┼─────────────────┼────────────────────────────┤
│ Conv_1 (Conv2D)               │ (None, 7, 7, 1280)        │         409,600 │ block_16_project_BN[0][0]  │
├───────────────────────────────┼───────────────────────────┼─────────────────┼────────────────────────────┤
│ Conv_1_bn                     │ (None, 7, 7, 1280)        │           5,120 │ Conv_1[0][0]               │
│ (BatchNormalization)          │                           │                 │                            │
├───────────────────────────────┼───────────────────────────┼─────────────────┼────────────────────────────┤
│ out_relu (ReLU)               │ (None, 7, 7, 1280)        │               0 │ Conv_1_bn[0][0]            │
├───────────────────────────────┼───────────────────────────┼─────────────────┼────────────────────────────┤
│ global_average_pooling2d      │ (None, 1280)              │               0 │ out_relu[0][0]             │
│ (GlobalAveragePooling2D)      │                           │                 │                            │
├───────────────────────────────┼───────────────────────────┼─────────────────┼────────────────────────────┤
│ dense (Dense)                 │ (None, 12)                │          15,372 │ global_average_pooling2d[… │
└───────────────────────────────┴───────────────────────────┴─────────────────┴────────────────────────────┘
 Total params: 2,273,356 (8.67 MB)
 Trainable params: 15,372 (60.05 KB)
 Non-trainable params: 2,257,984 (8.61 MB)
✅ Summary guardado en: ./Estudios/Modelo/MobileNetV2
✅ Callbacks configurados

============================================================
🎯 COMENZANDO ENTRENAMIENTO
============================================================
Epoch 1/20

Epoch 1: val_accuracy improved from None to 0.86401, saving model to ./Estudios/mejor_modelo_mobilenetv2.keras

Epoch 1: finished saving model to ./Estudios/mejor_modelo_mobilenetv2.keras
19403/19403 - 10230s - 527ms/step - accuracy: 0.8302 - loss: 0.5395 - val_accuracy: 0.8640 - val_loss: 0.4291 - learning_rate: 0.0010
Epoch 2/20

Epoch 2: val_accuracy improved from 0.86401 to 0.87333, saving model to ./Estudios/mejor_modelo_mobilenetv2.keras

Epoch 2: finished saving model to ./Estudios/mejor_modelo_mobilenetv2.keras
19403/19403 - 5970s - 308ms/step - accuracy: 0.8683 - loss: 0.4149 - val_accuracy: 0.8733 - val_loss: 0.4005 - learning_rate: 0.0010
Epoch 3/20

Epoch 3: val_accuracy improved from 0.87333 to 0.87767, saving model to ./Estudios/mejor_modelo_mobilenetv2.keras

Epoch 3: finished saving model to ./Estudios/mejor_modelo_mobilenetv2.keras
19403/19403 - 6026s - 311ms/step - accuracy: 0.8743 - loss: 0.3952 - val_accuracy: 0.8777 - val_loss: 0.3870 - learning_rate: 0.0010
Epoch 4/20

Epoch 4: val_accuracy did not improve from 0.87767
19403/19403 - 6032s - 311ms/step - accuracy: 0.8769 - loss: 0.3870 - val_accuracy: 0.8771 - val_loss: 0.3838 - learning_rate: 0.0010
Epoch 5/20

Epoch 5: val_accuracy improved from 0.87767 to 0.88050, saving model to ./Estudios/mejor_modelo_mobilenetv2.keras

Epoch 5: finished saving model to ./Estudios/mejor_modelo_mobilenetv2.keras
19403/19403 - 6092s - 314ms/step - accuracy: 0.8777 - loss: 0.3828 - val_accuracy: 0.8805 - val_loss: 0.3818 - learning_rate: 0.0010
Epoch 6/20

Epoch 6: val_accuracy did not improve from 0.88050
19403/19403 - 6006s - 310ms/step - accuracy: 0.8793 - loss: 0.3798 - val_accuracy: 0.8752 - val_loss: 0.3952 - learning_rate: 0.0010
Epoch 7/20

Epoch 7: val_accuracy did not improve from 0.88050
19403/19403 - 6707s - 346ms/step - accuracy: 0.8795 - loss: 0.3784 - val_accuracy: 0.8757 - val_loss: 0.3964 - learning_rate: 0.0010
Epoch 8/20

Epoch 8: val_accuracy did not improve from 0.88050
19403/19403 - 5928s - 306ms/step - accuracy: 0.8799 - loss: 0.3770 - val_accuracy: 0.8776 - val_loss: 0.3811 - learning_rate: 0.0010
Epoch 9/20

Epoch 9: val_accuracy improved from 0.88050 to 0.88149, saving model to ./Estudios/mejor_modelo_mobilenetv2.keras

Epoch 9: finished saving model to ./Estudios/mejor_modelo_mobilenetv2.keras
19403/19403 - 3280s - 169ms/step - accuracy: 0.8803 - loss: 0.3765 - val_accuracy: 0.8815 - val_loss: 0.3802 - learning_rate: 0.0010
Epoch 10/20

Epoch 10: val_accuracy did not improve from 0.88149
19403/19403 - 3373s - 174ms/step - accuracy: 0.8802 - loss: 0.3758 - val_accuracy: 0.8761 - val_loss: 0.3896 - learning_rate: 0.0010
Epoch 11/20

Epoch 11: val_accuracy did not improve from 0.88149
19403/19403 - 3156s - 163ms/step - accuracy: 0.8804 - loss: 0.3758 - val_accuracy: 0.8798 - val_loss: 0.3785 - learning_rate: 0.0010
Epoch 12/20

Epoch 12: val_accuracy improved from 0.88149 to 0.88161, saving model to ./Estudios/mejor_modelo_mobilenetv2.keras

Epoch 12: finished saving model to ./Estudios/mejor_modelo_mobilenetv2.keras
19403/19403 - 3136s - 162ms/step - accuracy: 0.8815 - loss: 0.3720 - val_accuracy: 0.8816 - val_loss: 0.3746 - learning_rate: 0.0010
Epoch 13/20

Epoch 13: val_accuracy did not improve from 0.88161
19403/19403 - 3258s - 168ms/step - accuracy: 0.8841 - loss: 0.3633 - val_accuracy: 0.8816 - val_loss: 0.3746 - learning_rate: 0.0010
Epoch 14/20

Epoch 14: val_accuracy did not improve from 0.88161
19403/19403 - 3195s - 165ms/step - accuracy: 0.8841 - loss: 0.3633 - val_accuracy: 0.8816 - val_loss: 0.3746 - learning_rate: 0.0010
Epoch 15/20

Epoch 15: val_accuracy did not improve from 0.88161

Epoch 15: ReduceLROnPlateau reducing learning rate to 0.00020000000949949026.
19403/19403 - 3230s - 166ms/step - accuracy: 0.8841 - loss: 0.3633 - val_accuracy: 0.8816 - val_loss: 0.3746 - learning_rate: 0.0010
Epoch 16/20

Epoch 16: val_accuracy did not improve from 0.88161
19403/19403 - 3166s - 163ms/step - accuracy: 0.8841 - loss: 0.3633 - val_accuracy: 0.8816 - val_loss: 0.3746 - learning_rate: 2.0000e-04
Epoch 17/20

Epoch 17: val_accuracy did not improve from 0.88161
19403/19403 - 5906s - 304ms/step - accuracy: 0.8841 - loss: 0.3633 - val_accuracy: 0.8816 - val_loss: 0.3746 - learning_rate: 2.0000e-04
Epoch 17: early stopping
Restoring model weights from the end of the best epoch: 12.

✅ ENTRENAMIENTO COMPLETADO en 1411.53 minutos
📊 RESULTADOS DEL ENTRENAMIENTO
==================================================
Accuracy final train: 0.8841
Accuracy final val: 0.8816
Mejor val accuracy: 0.8816
📂 Cargando modelo desde: ./Estudios/mejor_modelo_mobilenetv2.keras
